kernel/blk_drv/blk_drv.a(ll_rw_blk.o) needed due to _blk_size
kernel/blk_drv/blk_drv.a(floppy.o) needed due to _selected
kernel/blk_drv/blk_drv.a(genhd.o) needed due to _sys_setup
kernel/blk_drv/blk_drv.a(hd.o) needed due to _hd_init
kernel/chr_drv/chr_drv.a(tty_io.o) needed due to _fg_console
kernel/chr_drv/chr_drv.a(console.o) needed due to _con_init
kernel/chr_drv/chr_drv.a(keyboard.o) needed due to _kapplic
kernel/chr_drv/chr_drv.a(serial.o) needed due to _rs_open
kernel/chr_drv/chr_drv.a(tty_ioctl.o) needed due to _flush_input
kernel/chr_drv/chr_drv.a(pty.o) needed due to _pty_open
kernel/chr_drv/chr_drv.a(vt.o) needed due to _vt_ioctl
kernel/chr_drv/chr_drv.a(mem.o) needed due to _chr_dev_init
kernel/chr_drv/chr_drv.a(mouse.o) needed due to _mouse_init
kernel/chr_drv/chr_drv.a(busmouse.o) needed due to _bus_mouse_fops
kernel/chr_drv/chr_drv.a(psaux.o) needed due to _psaux_fops
kernel/chr_drv/chr_drv.a(msbusmouse.o) needed due to _ms_bus_mouse_fops
kernel/chr_drv/chr_drv.a(atixlmouse.o) needed due to _atixl_busmouse_fops
kernel/chr_drv/chr_drv.a(lp.o) needed due to _lp_init
kernel/blk_drv/scsi/scsi.a(scsi.o) needed due to _scsi_dev_init
kernel/blk_drv/scsi/scsi.a(hosts.o) needed due to _scsi_hosts
kernel/blk_drv/scsi/scsi.a(sd.o) needed due to _NR_SD
kernel/blk_drv/scsi/scsi.a(sd_ioctl.o) needed due to _sd_ioctl
kernel/blk_drv/scsi/scsi.a(st.o) needed due to _NR_ST
kernel/blk_drv/scsi/scsi.a(sr.o) needed due to _NR_SR
kernel/blk_drv/scsi/scsi.a(sr_ioctl.o) needed due to _sr_ioctl
kernel/blk_drv/scsi/scsi.a(aha1542.o) needed due to _aha1542_info
kernel/blk_drv/scsi/scsi.a(fdomain.o) needed due to _fdomain_16x0_detect
kernel/blk_drv/scsi/scsi.a(seagate.o) needed due to _seagate_st0x_detect
kernel/blk_drv/scsi/scsi.a(ultrastor.o) needed due to _ultrastor_14f_detect
kernel/blk_drv/scsi/scsi.a(7000fasst.o) needed due to _wd7000fasst_info
kernel/blk_drv/scsi/scsi.a(scsi_ioctl.o) needed due to _scsi_ioctl
kernel/FPU-emu/math.a(fpu_entry.o) needed due to _math_emulate
kernel/FPU-emu/math.a(errors.o) needed due to _Un_impl
kernel/FPU-emu/math.a(fpu_arith.o) needed due to _fadd__
kernel/FPU-emu/math.a(fpu_aux.o) needed due to _finit
kernel/FPU-emu/math.a(fpu_etc.o) needed due to _fp_etc
kernel/FPU-emu/math.a(fpu_trig.o) needed due to _trig_a
kernel/FPU-emu/math.a(load_store.o) needed due to _load_store_instr
kernel/FPU-emu/math.a(get_address.o) needed due to _get_address
kernel/FPU-emu/math.a(poly_atan.o) needed due to _poly_atan
kernel/FPU-emu/math.a(poly_l2.o) needed due to _poly_l2
kernel/FPU-emu/math.a(poly_2xm1.o) needed due to _poly_2xm1
kernel/FPU-emu/math.a(poly_sin.o) needed due to _poly_sine
kernel/FPU-emu/math.a(poly_tan.o) needed due to _poly_tan
kernel/FPU-emu/math.a(poly_div.o) needed due to _poly_div2
kernel/FPU-emu/math.a(poly_mul64.o) needed due to _mul64
kernel/FPU-emu/math.a(polynomial.o) needed due to _polynomial
kernel/FPU-emu/math.a(reg_add_sub.o) needed due to _reg_add
kernel/FPU-emu/math.a(reg_compare.o) needed due to _compare
kernel/FPU-emu/math.a(reg_constant.o) needed due to _CONST_1
kernel/FPU-emu/math.a(reg_ld_str.o) needed due to _reg_load_extended
kernel/FPU-emu/math.a(reg_div.o) needed due to _reg_div
kernel/FPU-emu/math.a(reg_mul.o) needed due to _reg_mul
kernel/FPU-emu/math.a(reg_norm.o) needed due to _normalize
kernel/FPU-emu/math.a(reg_u_add.o) needed due to _reg_u_add
kernel/FPU-emu/math.a(reg_u_div.o) needed due to _reg_u_div
kernel/FPU-emu/math.a(reg_u_mul.o) needed due to _reg_u_mul
kernel/FPU-emu/math.a(reg_u_sub.o) needed due to _reg_u_sub
kernel/FPU-emu/math.a(wm_shrx.o) needed due to _shrx
kernel/FPU-emu/math.a(wm_sqrt.o) needed due to _wm_sqrt
kernel/FPU-emu/math.a(div_small.o) needed due to _div_small
lib/lib.a(ctype.o) needed due to __ctype
lib/lib.a(_exit.o) needed due to __exit
lib/lib.a(string.o) needed due to _strcmp
lib/lib.a(malloc.o) needed due to _malloc
Allocating common _scsi_tapes: 4 at 66f18
Allocating common _vt_cons: 40 at 66f1c
Allocating common _timer_table: 100 at 66f5c
Allocating common _scsi_devices: 30 at 6705c
Allocating common _drive_info: 20 at 6708c
Allocating common __ctmp: 4 at 670ac
Allocating common _base_type: 10 at 670b0
Allocating common _vc_scrbuf: 20 at 670c0
Allocating common _host_busy: 8 at 670e0
Allocating common _tty_table: 400 at 670e8
Allocating common _user_stack: 1000 at 674e8
Allocating common _FPU_info: 4 at 684e8
Allocating common _rscsi_disks: 40 at 684ec
Allocating common _file_table: c00 at 6852c
Allocating common _FPU_rm: 4 at 6912c
Allocating common _seq_offset: 4 at 69130
Allocating common _sd: 200 at 69134
Allocating common _host_timeout: 14 at 69334
Allocating common _screen_info: 10 at 69348
Allocating common _st0_tag: 4 at 69358
Allocating common _FPU_modrm: 4 at 6935c
Allocating common _WAITtimeout: 4 at 69360
Allocating common _st0_ptr: 4 at 69364
Allocating common _host_queue: 14 at 69368
Allocating common _tty_termios: 400 at 6937c
Allocating common _video_num_columns: 4 at 6977c
Allocating common _scsi_CDs: 20 at 69780
Allocating common _stack: 4 at 697a0
Allocating common _FPU_data_address: 4 at 697a4
Allocating common _aux_device_present: 4 at 697a8
Allocating common _video_num_lines: 4 at 697ac
Allocating common ____strtok: 4 at 697b0
Allocating common _request: 580 at 697b4
Allocating common _FPU_loaded_data: 10 at 69d34
Allocating common _errno: 4 at 69d44
Allocating common _user_params: 70 at 69d48
Allocating common _mbstruct: 40 at 69db8
Allocating common _FPU_lookahead: 4 at 69df8
Allocating common _FPU_entry_eip: 4 at 69dfc
Allocating common _super_block: 420 at 69e00

Files:

  boot/head.o text 0(acf0), data 54000(0), bss 594e8(0) hex
  init/main.o text acf0(7c8), data 54000(d4), bss 594e8(400) hex
  tools/version.o text b4b8(44), data 540d4(14c), bss 598e8(0) hex
  kernel/kernel.o text b4fc(6794), data 54220(1890), bss 598e8(400) hex
  mm/mm.o text 11c90(2eec), data 55ab0(b0), bss 59ce8(e0) hex
  fs/fs.o text 14b7c(6c0c), data 55b60(160), bss 59dc8(5898) hex
  net/net.o text 1b788(d0ac), data 55cc0(928), bss 5f660(6658) hex
  fs/minix/minix.o text 28834(3010), data 565e8(240), bss 65cb8(0) hex
  fs/ext/ext.o text 2b844(387c), data 56828(200), bss 65cb8(0) hex
  fs/msdos/msdos.o text 2f0c0(3c74), data 56a28(200), bss 65cb8(a8) hex
  fs/proc/proc.o text 32d34(fa4), data 56c28(200), bss 65d60(0) hex
  fs/isofs/isofs.o text 33cd8(34f8), data 56e28(2d0), bss 65d60(0) hex
  kernel/blk_drv/blk_drv.a(ll_rw_blk.o) text 371d0(888), data 570f8(94), bss 65d60(180) hex
  kernel/blk_drv/blk_drv.a(floppy.o) text 37a58(255c), data 5718c(32c), bss 65ee0(18) hex
  kernel/blk_drv/blk_drv.a(genhd.o) text 39fb4(5a0), data 574b8(c), bss 65ef8(0) hex
  kernel/blk_drv/blk_drv.a(hd.o) text 3a554(108c), data 574c4(6b0), bss 65ef8(4) hex
  kernel/chr_drv/chr_drv.a(tty_io.o) text 3b5e0(1910), data 57b74(30), bss 65efc(0) hex
  kernel/chr_drv/chr_drv.a(console.o) text 3cef0(36b0), data 57ba4(30), bss 65efc(580) hex
  kernel/chr_drv/chr_drv.a(keyboard.o) text 405a0(a38), data 57bd4(748), bss 6647c(4) hex
  kernel/chr_drv/chr_drv.a(serial.o) text 40fd8(14a4), data 5831c(40c), bss 66480(44) hex
  kernel/chr_drv/chr_drv.a(tty_ioctl.o) text 4247c(a54), data 58728(0), bss 664c4(0) hex
  kernel/chr_drv/chr_drv.a(pty.o) text 42ed0(1a0), data 58728(0), bss 664c4(0) hex
  kernel/chr_drv/chr_drv.a(vt.o) text 43070(334), data 58728(0), bss 664c4(0) hex
  kernel/chr_drv/chr_drv.a(mem.o) text 433a4(414), data 58728(120), bss 664c4(0) hex
  kernel/chr_drv/chr_drv.a(mouse.o) text 437b8(a4), data 58848(24), bss 664c4(0) hex
  kernel/chr_drv/chr_drv.a(busmouse.o) text 4385c(3d8), data 5886c(24), bss 664c4(1c) hex
  kernel/chr_drv/chr_drv.a(psaux.o) text 43c34(4e4), data 58890(30), bss 664e0(4) hex
  kernel/chr_drv/chr_drv.a(msbusmouse.o) text 44118(42c), data 588c0(24), bss 664e4(1c) hex
  kernel/chr_drv/chr_drv.a(atixlmouse.o) text 44544(3c4), data 588e4(24), bss 66500(1c) hex
  kernel/chr_drv/chr_drv.a(lp.o) text 44908(440), data 58908(54), bss 6651c(0) hex
  kernel/blk_drv/scsi/scsi.a(scsi.o) text 44d48(13f4), data 5895c(10), bss 6651c(39c) hex
  kernel/blk_drv/scsi/scsi.a(hosts.o) text 4613c(160), data 5896c(cc), bss 668b8(0) hex
  kernel/blk_drv/scsi/scsi.a(sd.o) text 4629c(105c), data 58a38(168), bss 668b8(108) hex
  kernel/blk_drv/scsi/scsi.a(sd_ioctl.o) text 472f8(3c), data 58ba0(0), bss 669c0(0) hex
  kernel/blk_drv/scsi/scsi.a(st.o) text 47334(1bc), data 58ba0(8), bss 669c0(4) hex
  kernel/blk_drv/scsi/scsi.a(sr.o) text 474f0(a60), data 58ba8(2c), bss 669c4(188) hex
  kernel/blk_drv/scsi/scsi.a(sr_ioctl.o) text 47f50(6c0), data 58bd4(8), bss 66b4c(214) hex
  kernel/blk_drv/scsi/scsi.a(aha1542.o) text 48610(9a4), data 58bdc(24), bss 66d60(38) hex
  kernel/blk_drv/scsi/scsi.a(fdomain.o) text 48fb4(16dc), data 58c00(b0), bss 66d98(50) hex
  kernel/blk_drv/scsi/scsi.a(seagate.o) text 4a690(aec), data 58cb0(d8), bss 66de8(1c) hex
  kernel/blk_drv/scsi/scsi.a(ultrastor.o) text 4b17c(5ac), data 58d88(2c), bss 66e04(10) hex
  kernel/blk_drv/scsi/scsi.a(7000fasst.o) text 4b728(a4c), data 58db4(3c), bss 66e14(104) hex
  kernel/blk_drv/scsi/scsi.a(scsi_ioctl.o) text 4c174(53c), data 58df0(14), bss 66f18(0) hex
  kernel/FPU-emu/math.a(fpu_entry.o) text 4c6b0(4d0), data 58e04(144), bss 66f18(0) hex
  kernel/FPU-emu/math.a(errors.o) text 4cb80(a1c), data 58f48(70), bss 66f18(0) hex
  kernel/FPU-emu/math.a(fpu_arith.o) text 4d59c(528), data 58fb8(0), bss 66f18(0) hex
  kernel/FPU-emu/math.a(fpu_aux.o) text 4dac4(390), data 58fb8(60), bss 66f18(0) hex
  kernel/FPU-emu/math.a(fpu_etc.o) text 4de54(250), data 59018(20), bss 66f18(0) hex
  kernel/FPU-emu/math.a(fpu_trig.o) text 4e0a4(18d0), data 59038(40), bss 66f18(0) hex
  kernel/FPU-emu/math.a(load_store.o) text 4f974(39c), data 59078(20), bss 66f18(0) hex
  kernel/FPU-emu/math.a(get_address.o) text 4fd10(19c), data 59098(20), bss 66f18(0) hex
  kernel/FPU-emu/math.a(poly_atan.o) text 4feac(34c), data 590b8(68), bss 66f18(0) hex
  kernel/FPU-emu/math.a(poly_l2.o) text 501f8(4b4), data 59120(48), bss 66f18(0) hex
  kernel/FPU-emu/math.a(poly_2xm1.o) text 506ac(124), data 59168(68), bss 66f18(0) hex
  kernel/FPU-emu/math.a(poly_sin.o) text 507d0(204), data 591d0(50), bss 66f18(0) hex
  kernel/FPU-emu/math.a(poly_tan.o) text 509d4(32c), data 59220(48), bss 66f18(0) hex
  kernel/FPU-emu/math.a(poly_div.o) text 50d00(70), data 59268(0), bss 66f18(0) hex
  kernel/FPU-emu/math.a(poly_mul64.o) text 50d70(6c), data 59268(0), bss 66f18(0) hex
  kernel/FPU-emu/math.a(polynomial.o) text 50ddc(b0), data 59268(0), bss 66f18(0) hex
  kernel/FPU-emu/math.a(reg_add_sub.o) text 50e8c(2dc), data 59268(0), bss 66f18(0) hex
  kernel/FPU-emu/math.a(reg_compare.o) text 51168(4b4), data 59268(0), bss 66f18(0) hex
  kernel/FPU-emu/math.a(reg_constant.o) text 5161c(f8), data 59268(f0), bss 66f18(0) hex
  kernel/FPU-emu/math.a(reg_ld_str.o) text 51714(1514), data 59358(0), bss 66f18(0) hex
  kernel/FPU-emu/math.a(reg_div.o) text 52c28(f0), data 59358(0), bss 66f18(0) hex
  kernel/FPU-emu/math.a(reg_mul.o) text 52d18(168), data 59358(0), bss 66f18(0) hex
  kernel/FPU-emu/math.a(reg_norm.o) text 52e80(6c), data 59358(0), bss 66f18(0) hex
  kernel/FPU-emu/math.a(reg_u_add.o) text 52eec(f8), data 59358(0), bss 66f18(0) hex
  kernel/FPU-emu/math.a(reg_u_div.o) text 52fe4(2dc), data 59358(1c), bss 66f18(0) hex
  kernel/FPU-emu/math.a(reg_u_mul.o) text 532c0(c0), data 59374(4), bss 66f18(0) hex
  kernel/FPU-emu/math.a(reg_u_sub.o) text 53380(194), data 59378(0), bss 66f18(0) hex
  kernel/FPU-emu/math.a(wm_shrx.o) text 53514(118), data 59378(0), bss 66f18(0) hex
  kernel/FPU-emu/math.a(wm_sqrt.o) text 5362c(1a0), data 59378(18), bss 66f18(0) hex
  kernel/FPU-emu/math.a(div_small.o) text 537cc(20), data 59390(0), bss 66f18(0) hex
  lib/lib.a(ctype.o) text 537ec(0), data 59390(104), bss 66f18(0) hex
  lib/lib.a(_exit.o) text 537ec(10), data 59494(0), bss 66f18(0) hex
  lib/lib.a(string.o) text 537fc(364), data 59494(0), bss 66f18(0) hex
  lib/lib.a(malloc.o) text 53b60(2c0), data 59494(54), bss 66f18(0) hex

Global symbols:

  _nmi: 0xc364
  _find_rock_ridge_relocation: 0x35ec0
  _bmap: 0x15b7c
  _iput: 0x15c9c
  _oom: 0x11ca0
  _blk_dev_init: 0x37a08
  _rw_swap_page: 0x13638
  _save_v86_state: 0xee7c
  _seagate_st0x_detect: 0x4a74c
  _proc_create_block: 0x32e2c
  _udp_select: 0x26410
  _do_execve: 0x18870
  _finit: 0x4dae0
  _con_init: 0x3fa70
  _put_super: 0x16f80
  _sys_setgid: 0xf120
  _sys_umask: 0xfc30
  _con_write: 0x3e8d0
  _sys_ioperm: 0x1188c
  _cache: 0x56ef8
  _buffer_init: 0x16d18
  _get_tty_queue: 0x3b610
  _sys_settimeofday: 0xfb50
  _isofs_lookup: 0x341b8
  _request_done: 0x37cc8
  _sys_getgroups: 0xf4c8
  _tmp_floppy_area: 0x5000
  _fdomain_16x0_abort: 0x4a600
  _permission: 0x19758
  _sys_wait4: 0x109a0
  _get_free_page: 0x13f48
  _schedule: 0xb728
  _copy_mem: 0xdd40
  _sys_times: 0xf324
  _blk_size: 0x5715c
  _do_page_fault: 0x13284
  _release: 0xfd94
  _fcntl_setlk: 0x1b0e8
  _ip_queue_xmit: 0x2401c
  _arp_destroy: 0x25d94
  _NR_SD: 0x58a40
  _wd7000fasst_command: 0x4be90
  _sys_uname: 0xf62c
  _proc_put_super: 0x32d48
  _msdos_put_super: 0x304ac
  _ip_route_check: 0x23ad8
  _NR_SR: 0x58bac
  _minix_create: 0x29718
  _reg_store_single: 0x521e4
  _fdomain_16x0_detect: 0x49334
  _NR_ST: 0x58ba4
  _sys_newstat: 0x17bf0
  _ext_write_super: 0x2dfd0
  _wd7000fasst_intr_handle: 0x4bac0
  _aha1542_intr_handle: 0x4896c
  _msdos_add_cluster: 0x31af4
  _ip_retransmit: 0x24134
  _sys_swapoff: 0x1435c
  _bounds: 0xc394
  _empty_bad_page: 0x3000
  _proc_read_inode: 0x32e30
  _msdos_read_inode: 0x30e4c
  _fldenv: 0x52830
  _free_super: 0x176f0
  _ext_truncate: 0x2c504
  _scsi_tapes: 0x66f18
  _con_open: 0x40588
  _vt_cons: 0x66f1c
  _sys_execve: 0xc2a4
  _unlock_creation: 0x31a50
  _fp_etc: 0x4e090
  _keyboard_interrupt: 0x405a0
  _do_keyboard_interrupt: 0x3f9a8
  _sys_rmdir: 0x19fb0
  _accent_table: 0x57d0d
  _vsprintf: 0xe8cc
  _minix_rmdir: 0x29d44
  _getblk: 0x164cc
  _secondary_page_list: 0x55ac0
  _sys_fstatfs: 0x14bf0
  _fp_nop: 0x4dbb0
  _cache_init: 0x32918
  _minix_truncate: 0x29388
  _nr_buffer_heads: 0x55bf4
  _do_fast_IRQ: 0xd7fc
  _floppy_init: 0x39eb0
  _ffree_: 0x4dd30
  _finit_: 0x4db50
  _msdos_create: 0x2f834
  _sys_sigsuspend: 0x10cb0
  _mouse_interrupt: 0x44544
  _poly_div16: 0x50d48
  _floppy_change: 0x37d34
  _sys_setgroups: 0xf52c
  _timer_table: 0x66f5c
  _lock_skb: 0x1de20
  _seagate_st0x_info: 0x4a88c
  _sys_socketcall: 0x1c994
  _sys_setup: 0x3a4e8
  _put_sock: 0x1e01c
  _msdos_rmdir: 0x2fafc
  _strtok: 0x53a20
  _lp_table: 0x58908
  _check_disk_change: 0x16240
  _stack_start: 0x55518
  _reg_load_single: 0x5193c
  _session_of_pgrp: 0x1034c
  _seagate_st0x_abort: 0x4b110
  _free_page: 0x13dfc
  _raw_prot: 0x56304
  _sys_pause: 0xb848
  _need_resched: 0x543f4
  _scsi_devices: 0x6705c
  _page_fault: 0xc434
  _drive_info: 0x6708c
  _sys_getpriority: 0xedc8
  _ext_new_inode: 0x2bea4
  _get_new_socknum: 0x1df2c
  _strstr: 0x539d4
  _ext_getblk: 0x2e3e0
  _print_icmph: 0x2738c
  _send_sig: 0xfc50
  _parse_rock_ridge_inode: 0x365a8
  _dummy_routine: 0x1ddf4
  _loopback_init: 0x2732c
  _do_wp_page: 0x12994
  _strspn: 0x53918
  _unexpected_hd_interrupt: 0x3ab20
  _print_iph: 0x24284
  _scsi_do_cmd: 0x45574
  __ctmp: 0x670ac
  _system_call: 0xc1b4
  _minix_lookup: 0x2953c
  _wd7000fasst_detect: 0x4bf7c
  _scsi_reset: 0x45c4c
  _lock_fat: 0x31a68
  _nr_buffers: 0x55bf0
  _ip_protos: 0x55f2c
  _change_speed: 0x41900
  _minix_new_inode: 0x28e54
  __exit: 0x537ec
  _isofs_file_read: 0x354c0
  _sock_wspace: 0x1f874
  _prof_len: 0x54400
  _sys_tz: 0x55a74
  _raw_rcv: 0x276b8
  _base_type: 0x670b0
  _strcat: 0x53838
  _print_eth: 0x2705c
  _ms_bus_mouse_fops: 0x588c0
  _bus_mouse_fops: 0x5886c
  _reg_u_add: 0x52eec
  __edata: 0x594e8
  _redirect: 0x57b78
  _kill_proc: 0x10428
  _aha1542_command: 0x48c44
  _NR_SCSI_DEVICES: 0x5895c
  _ext_count_free_blocks: 0x2bbc8
  _minix_count_free_blocks: 0x28c50
  _eth_hard_header: 0x270f0
  _strcmp: 0x53888
  _double_fault: 0xc3d4
  _sock_wfree: 0x1f8f8
  _raw_read: 0x27c94
  _strchr: 0x538d8
  _stack_underflow: 0x4d550
  _print_skb: 0x1ddf0
  _sys_setpriority: 0xecf0
  _msdos_lookup: 0x2f510
  _nr_secondary_pages: 0x55abc
  _strlen: 0x53a08
  _mouse_init: 0x43828
  _strcpy: 0x537fc
  _last_pid: 0x55a5c
  _reg_u_mul: 0x532c0
  _trig_b: 0x4f960
  _get_hash_table: 0x163dc
  _reg_u_div: 0x52fe4
  _trig_a: 0x4f94c
  _blk_dev: 0x570fc
  _put_tty_queue: 0x3b5e0
  _lock_creation: 0x31a20
  _fcntl_remove_locks: 0x1b210
  _wd7000fasst_queuecommand: 0x4bc2c
  _ultrastor_14f_queuecommand: 0x4b50c
  _aha1542_queuecommand: 0x48a48
  _setup_rw_floppy: 0x387f8
  _sys_call_table: 0x54220
  _poly_add_1: 0x501d4
  _reg_u_sub: 0x53380
  _krepeat: 0x57bd6
  _open_namei: 0x19b04
  _do_select: 0x1aa20
  _ms_bus_mouse_init: 0x4443c
  _bus_mouse_init: 0x43b88
  _last_task_used_math: 0x55414
  _raw_recvfrom: 0x27aec
  _delete_timer: 0x24310
  _atixl_busmouse_fops: 0x588e4
  _sys_getrlimit: 0xf790
  _reg_store_int16: 0x52570
  _reg_store_int32: 0x5249c
  _sock_awaitconn: 0x1bdac
  _packet_read: 0x28810
  _ip_addr: 0x55f14
  _reg_store_int64: 0x523d0
  _load_store_instr: 0x4f974
  _sys_newuname: 0xf5dc
  _ll_rw_block: 0x37790
  _unlock_skb: 0x1dec0
  _reset_timer: 0x243a0
  _free_page_list: 0x55ab8
  _blank_screen: 0x3ffb8
  ___wait_on_buffer: 0x16080
  _printk: 0xe558
  _ext_symlink: 0x2d5e4
  _invalidate_buffers: 0x161a0
  _is_orphaned_pgrp: 0x10540
  _memsetw: 0x3fa14
  _arp_queue: 0x263d0
  _vc_scrbuf: 0x670c0
  _console_print: 0x40384
  _COM4_ISR: 0x58378
  _sock_rspace: 0x1f820
  _msdos_parent_ino: 0x32478
  _reg_load_int16: 0x51bb4
  _reg_load_int32: 0x51b2c
  _sock_rfree: 0x1f9c8
  _msdos_file_inode_operations_no_bmap: 0x56ae0
  _my_done: 0x499ac
  _reg_load_int64: 0x51a6c
  _floppy_deselect: 0x37c94
  _jiffies_offset: 0x5540c
  __etext: 0x54000
  _set_device_ro: 0x37220
  _get_sock: 0x1fa44
  _kill_pg: 0x103a0
  _sock_init: 0x1ccc0
  _ext_statfs: 0x2e030
  _rs_table: 0x58404
  _wd8003_interrupt: 0x25254
  _start_kernel: 0xafa8
  _atixl_busmouse_init: 0x44844
  _sys_sgetmask: 0x10c5c
  __ctype: 0x59390
  _initialize_tty_struct: 0x3ccf4
  _ext_new_block: 0x2ba84
  _host_busy: 0x670e0
  _unlock_fat: 0x31a94
  _strrchr: 0x538f8
  _minix_rename: 0x2a5e4
  _chrdev_fops: 0x55b60
  _packet_prot: 0x56488
  _Un_impl: 0x4cbc0
  _sd_ioctl: 0x472f8
  _CONST_INF: 0x59328
  _sys_getpid: 0xbfc8
  _sys_chroot: 0x14fe8
  _unblank_screen: 0x4006c
  _do_double_fault: 0xc5e0
  _in_group_p: 0xf59c
  _sd_init: 0x47150
  _strpbrk: 0x539a0
  _tty_init: 0x3ce88
  _sys_setrlimit: 0xf7d4
  _grow_buffers: 0x16a58
  _sys_getuid: 0xbff0
  ___math_abort: 0x4cb54
  _CONST_PI2: 0x592c8
  _sys_ftruncate: 0x14d24
  _swapper_pg_dir: 0x1000
  _minix_new_block: 0x28b10
  _CONST_PI4: 0x592d8
  _current: 0x55410
  _jiffies: 0x55404
  _divide_error: 0xc2b4
  _do_signal: 0x10e64
  _CONST_LN2: 0x592f8
  _tty_table: 0x670e8
  _is_ignored: 0x3bcac
  _sys_mpx: 0xf18c
  _strncpy: 0x53814
  _scsi_abort: 0x45bc0
  _sys_access: 0x14eb8
  _aha1542_detect: 0x48e98
  _ext_rmdir: 0x2d2bc
  _COM1_ISR: 0x58324
  _real_2op_NaN: 0x4d2dc
  _ext_write_inode: 0x2e6bc
  _poly_2xm1: 0x506ac
  _chr_dev_init: 0x4378c
  _CONST_LG2: 0x592e8
  _cache_inval_dev: 0x32aac
  _user_stack: 0x674e8
  _arith_overflow: 0x4d3fc
  _COM2_ISR: 0x58340
  _write_verify: 0x12a78
  _coprocessor_error: 0xc304
  _do_coprocessor_error: 0xc9a0
  _reg_load_bcd: 0x51c48
  _sys_dup: 0x1a5e8
  _msdos_subdirs: 0x32560
  _print_ipprot: 0x237a0
  _destroy_sock: 0x1e1cc
  _sys_newfstat: 0x17cd0
  _icmp_err_convert: 0x5625c
  _strncat: 0x5385c
  _do_screendump: 0x402e0
  _get_empty_inode: 0x15da8
  _COM3_ISR: 0x5835c
  _put_dirty_page: 0x12734
  _sys_brk: 0xf36c
  _general_protection: 0xc414
  _do_general_protection: 0xc624
  _strncmp: 0x538ac
  _convert_l2reg: 0x4e198
  _minix_unlink: 0x29ebc
  _sys_getgid: 0xc018
  _arith_underflow: 0x4d450
  _FPU_info: 0x684e8
  _overflow: 0xc384
  _strcspn: 0x5395c
  _fat_access: 0x325d4
  _wd8003_open: 0x24884
  _emu_printall: 0x4cd90
  _tcp_prot: 0x55db4
  _do_done: 0x58be0
  ___wait_on_super: 0x16dc8
  _sync_dev: 0x16164
  _rscsi_disks: 0x684ec
  _proc_write_inode: 0x33000
  _msdos_write_inode: 0x310c8
  _do_int3: 0xc6dc
  _isofs_statfs: 0x34c20
  _icmp_reply: 0x27390
  _dev_add_pack: 0x27cc8
  _rs_write: 0x415ac
  _fucompp: 0x515a8
  _wm_sqrt: 0x5362c
  _file_table: 0x6852c
  _unmap_page_range: 0x121b8
  _remap_page_range: 0x12360
  _msdos_get_entry: 0x32014
  _FPU_rm: 0x6912c
  _CONST_2: 0x59278
  _tty_ioctl: 0x429ec
  _CONST_1: 0x59268
  _sys_readlink: 0x17d08
  _wd7000fasst_WAITnexttimeout: 0x58db4
  _WAITnexttimeout: 0x58bdc
  _sys_getrusage: 0xfaa4
  _kapplic: 0x57bd4
  _reg_load_extended: 0x51714
  _sr_ioctl: 0x481e4
  _sys_sigaction: 0x10d78
  _wd8003_init: 0x25600
  _sys_vm86: 0xef38
  _do_divide_error: 0xc6a4
  _makecode: 0x48724
  _sys_kill: 0x10480
  _memmove: 0x53ac4
  _hard_math: 0x543f8
  _sys_lock: 0xf184
  _sys_munmap: 0x14b00
  _sys_link: 0x1a1e8
  _CONST_L2E: 0x592a8
  _minix_write_inode: 0x2af10
  _get_fs_type: 0x16d80
  _scsi_hosts: 0x5896c
  _sys_newlstat: 0x17c60
  _wd7000fasst_info: 0x4ba58
  _wait_on_floppy_select: 0x57480
  _sys_nice: 0xc040
  _sys_fchown: 0x1518c
  _seq_offset: 0x69130
  _sys_iopl: 0x119ac
  _sys_gtty: 0xee58
  _wd7000fasst_init: 0x4b8a0
  _do_exit: 0x10638
  _fp_nop_table: 0x58ff8
  _keypress_wait: 0x57b7c
  _sys_sigpending: 0x10c88
  _arp_rcv: 0x25ea4
  _simple_strtoul: 0xe5f0
  _kernel_mktime: 0x110ec
  _CONST_L2T: 0x59298
  _get_cluster: 0x32ad0
  _blkdev_fops: 0x55ba0
  _change_console: 0x3b728
  _wait_for_keypress: 0x3b754
  _sys_idle: 0x13c00
  _arp_snd: 0x2601c
  _write_pipe_fops: 0x55c50
  _core_dump: 0x17d88
  _sys_symlink: 0x1a124
  _sys_exit: 0x1098c
  _sys_mmap: 0x1498c
  _audit_ptree: 0x100e4
  _current_DOR: 0x55550
  _empty_bad_page_table: 0x4000
  _ip_set_dev: 0x23970
  _sd: 0x69134
  _ext_count_free_inodes: 0x2c014
  _minix_count_free_inodes: 0x28fa4
  _sleep_on: 0xba14
  _sys_open: 0x152f8
  _host_timeout: 0x69334
  _sync_supers: 0x16e70
  _timer_active: 0x55858
  _seagate_st0x_queue_command: 0x4a970
  _device_not_available: 0xc314
  _do_device_not_available: 0xc864
  _reg_store_double: 0x51f34
  _lp_init: 0x44cac
  _sys_fork: 0xdf18
  _invalid_TSS: 0xc3e4
  _getrusage: 0xf830
  _msdos_bmap: 0x30d7c
  _scsi_ioctl: 0x4c578
  _packet_recvfrom: 0x2863c
  _sys_fchmod: 0x1506c
  _inode_init: 0x1598c
  _sys_statfs: 0x14b84
  _poly_tan: 0x509d4
  _get_address: 0x4fddc
  _net_timer: 0x244dc
  _paging_init: 0x13334
  _sys_acct: 0xf174
  _ext_mkdir: 0x2ce90
  _sys_ssetmask: 0x10c68
  _init_IRQ: 0xdafc
  _screen_info: 0x69348
  _isofs_file_inode_operations: 0x56e64
  _isofs_dir_inode_operations: 0x56ec0
  _isofs_symlink_inode_operations: 0x57008
  _isofs_chrdev_inode_operations: 0x570c0
  _isofs_blkdev_inode_operations: 0x57064
  _proc_root_inode_operations: 0x56c64
  _proc_base_inode_operations: 0x56cc0
  _proc_mem_inode_operations: 0x56d5c
  _proc_link_inode_operations: 0x56d94
  _proc_fd_inode_operations: 0x56df0
  _date_unix2dos: 0x31e9c
  _msdos_dir_inode_operations: 0x56b3c
  _msdos_file_inode_operations: 0x56aa8
  _ext_file_inode_operations: 0x5686c
  _ext_dir_inode_operations: 0x568c8
  _ext_symlink_inode_operations: 0x56900
  _ext_chrdev_inode_operations: 0x569b8
  _ext_blkdev_inode_operations: 0x5695c
  _ext_fifo_inode_operations: 0x569f0
  _minix_file_inode_operations: 0x5666c
  _minix_dir_inode_operations: 0x566c8
  _minix_symlink_inode_operations: 0x56700
  _minix_chrdev_inode_operations: 0x567b8
  _minix_blkdev_inode_operations: 0x5675c
  _minix_fifo_inode_operations: 0x567f0
  _minix_statfs: 0x2a920
  _do_debug: 0xc768
  _CONST_Z: 0x59308
  _sock_fcntl: 0x1c93c
  _minix_mkdir: 0x299e8
  _ext_bread: 0x2e4e0
  _block_read: 0x17850
  _swap_duplicate: 0x1384c
  _sys_dup2: 0x1a59c
  _is_read_only: 0x371d0
  _msdos_truncate: 0x316dc
  _sys_truncate: 0x14c58
  _ext_mknod: 0x2cc90
  _minix_bread: 0x2ad28
  _st0_tag: 0x69358
  _FPU_modrm: 0x6935c
  _mem_map: 0x55ac4
  _sys_syslog: 0xe3c4
  _resetup_one_dev: 0x3a3d4
  _ext_rename: 0x2dc60
  _arp_add: 0x26354
  __end: 0x6a220
  _get_rock_ridge_filename: 0x36190
  _minix_mknod: 0x297e8
  _WAITtimeout: 0x69360
  _sys_swapon: 0x14504
  _rdwr_pipe_fops: 0x55c74
  _sys_stty: 0xee50
  _aha1542_host: 0x58be4
  _arith_invalid: 0x4d368
  _st0_ptr: 0x69364
  _isofs_lookup_grandparent: 0x35174
  _aha1542_info: 0x48938
  _do_invalid_TSS: 0xc8ec
  _tty_write_flush: 0x3b668
  _sys_getpgrp: 0xf468
  _do_no_page: 0x12dd0
  _sys_sync: 0x16190
  _CONST_HALF: 0x59288
  _fat_free: 0x32c48
  _dev_base: 0x56254
  _reg_load_double: 0x517fc
  _wd7000fasst_abort: 0x4c104
  _psaux_fops: 0x5889c
  _sys_profil: 0xee38
  _avenrun: 0x5585c
  _polynomial: 0x50ddc
  _msdos_statfs: 0x30cf4
  _sys_prof: 0xee60
  _udp_prot: 0x56014
  _ultrastor_14f_reset: 0x4b670
  _flush_input: 0x4249c
  _read_pipe_fops: 0x55c2c
  _host_queue: 0x69368
  _reserved: 0xc3c4
  _iso_date: 0x35d90
  _aha1542_test_port: 0x487e4
  _tty_termios: 0x6937c
  _sys_stat: 0x17bb8
  _div_small: 0x537cc
  _FourPort2_ISR: 0x583b0
  _video_num_columns: 0x6977c
  _wait_for_request: 0x570f8
  _divide_by_zero: 0x4d3b0
  _mount_root: 0x175d0
  _fg_console: 0x57b74
  _proc_statfs: 0x32dfc
  _udp_recvfrom: 0x26b94
  _sys_getppid: 0xbfd8
  _free_dma: 0xdc4c
  _ultrastor_14f_info: 0x4b504
  _do_mknod: 0x19dd0
  _isofs_read_super: 0x34804
  _scsi_CDs: 0x69780
  _update_screen: 0x40150
  _psaux_init: 0x44014
  _show_state: 0xb690
  _malloc: 0x53b94
  _stack: 0x697a0
  _ext_unlink: 0x2d484
  _packet_rcv: 0x2835c
  _free_irq: 0xd9a8
  _bad_task_ptr: 0xfe38
  _fdomain_16x0_command: 0x4a104
  _die_if_kernel: 0xc4ac
  _fdomain_16x0_queue: 0x49f80
  _flush_output: 0x42504
  _sys_mkdir: 0x19eec
  _FPU_data_address: 0x697a4
  _cache_inval_inode: 0x32a7c
  _msdos_smap: 0x32b70
  _startup_time: 0x55408
  _memset: 0x53b48
  _sys_setreuid: 0xf1d8
  _sys_vhangup: 0x155cc
  _wait_until_sent: 0x4256c
  _udp_read: 0x26d70
  _FourPort1_ISR: 0x58394
  _adjust_clock: 0xfc18
  _sys_creat: 0x15490
  _verify_area: 0xdc84
  _sock_wmalloc: 0x1f6e4
  _aux_device_present: 0x697a8
  _minix_read_super: 0x2a71c
  _sys_time: 0xf19c
  _poly_div2: 0x50d00
  _ext_put_inode: 0x2dccc
  _cache_add: 0x329e4
  _request_irq: 0xd93c
  _poly_div4: 0x50d20
  _sys_mknod: 0x19eac
  __getitimer: 0x11a54
  _sys_break: 0xee48
  _sys_pipe: 0x195e0
  _sys_phys: 0xf17c
  _sys_read: 0x158a4
  _CONST_QNaN: 0x59318
  _msdos_scan: 0x320e4
  _request_dma: 0xdbe8
  _udp_connect: 0x26d94
  _do_nmi: 0xc750
  _is_binary: 0x31998
  _wd7000fasst_call_buh: 0x4becc
  _msdos_mkdir: 0x2f930
  _gendisk_head: 0x574b8
  _kbdsave: 0x3fd5c
  _memcpy: 0x53a9c
  _sys_fstat: 0x17c98
  _sys_ioctl: 0x1a7e4
  _poly_atan: 0x4feac
  _free_s: 0x53d4c
  _dev_tint: 0x28200
  _minix_put_inode: 0x2a650
  _show_mem: 0x13164
  _eth_rebuild_header: 0x2719c
  _ip_compute_csum: 0x23cc4
  _print_rt: 0x23754
  _sys_getegid: 0xc02c
  _free_skb: 0x1de40
  _swap_in: 0x13a48
  _system_utsname: 0x540d4
  _vt_ioctl: 0x430c4
  _print_sk: 0x1dd7c
  _sys_ptrace: 0x11424
  _fucomp: 0x51564
  _video_num_lines: 0x697ac
  _alignment_check: 0xc424
  _do_overflow: 0xc7a4
  _do_alignment_check: 0xc664
  _revalidate_scsidisk: 0x4721c
  _ip_rcv: 0x23dfc
  _free_page_tables: 0x11ee8
  _fst_i_: 0x4dd54
  _lfnlmode: 0x57bdd
  _sys_setregid: 0xf0a4
  _dev_rint: 0x27f30
  _sys_readdir: 0x15784
  _NR_syscalls: 0x543f0
  _current_type: 0x57370
  _print_th: 0x1fc38
  ____strtok: 0x697b0
  _math_emulate: 0x4c714
  _reg_add: 0x50e8c
  _wd7000fasst_do_done: 0x58db8
  _eth_type_trans: 0x27218
  _stack_overflow: 0x4d4a8
  _fucom_: 0x51550
  _ext_read_super: 0x2ddec
  _coprocessor_segment_overrun: 0xc3b4
  _do_coprocessor_segment_overrun: 0xc8b0
  _memchr: 0x53b20
  _floppy_off: 0xbb7c
  _block_write: 0x17708
  _fdomain_16x0_reset: 0x4a648
  _lock_super: 0x176c8
  _memcmp: 0x53afc
  _ROOT_DEV: 0x55bf8
  _reg_mul: 0x52d18
  _tcp_err: 0x1fcfc
  _sys_mount: 0x17358
  _fsubrp: 0x4d924
  _reg_div: 0x52c28
  _do_floppy_timer: 0xbb90
  __setitimer: 0x11b3c
  _fstp_i: 0x4ddc0
  _request: 0x697b4
  _wake_up: 0xb8e0
  _sys_ftime: 0xee40
  _floppy_track_buffer: 0x5400
  _signatures: 0x58c5c
  _copy_to_cooked: 0x3b7bc
  _fcom_st: 0x51484
  _ext_free_block: 0x2b8c4
  _blankinterval: 0x57bac
  _ctrl_alt_del: 0xf080
  _CONST_PI: 0x592b8
  _minix_symlink: 0x29fd0
  _fcntl_init_locks: 0x1af3c
  _do_IRQ: 0xd7e0
  _seagate_st0x_command: 0x4aa00
  _fsubri: 0x4d774
  _round_to_int: 0x52758
  _sys_uselib: 0x18230
  _shrxs: 0x5357b
  _sys_geteuid: 0xc004
  _wake_one_task: 0xb8a0
  _bucket_dir: 0x59494
  _math_state_restore: 0xb6cc
  _breada: 0x168e4
  _panic: 0xe388
  _do_bounds: 0xc7dc
  _fsubr_: 0x4d650
  _do_floppy: 0x5718c
  _fs_may_umount: 0x159e4
  _sys_lstat: 0x17c28
  _fstenv: 0x529c0
  _fsubp_: 0x4d98c
  _wd7000fasst_reset: 0x4c130
  _hard_reset_now: 0x40fa0
  _ultrastor_14f_detect: 0x4b234
  _aha1542_abort: 0x48f78
  _default_kleds: 0x57bd8
  _cache_lookup: 0x32974
  _eth_add_arp: 0x271fc
  _brelse: 0x16734
  _lnamei: 0x19acc
  _prof_buffer: 0x543fc
  _sys_rename: 0x1a340
  _FPU_loaded_data: 0x69d34
  _etext: 0x54000
  _frstor: 0x52910
  _fsub_i: 0x4d7ac
  _icmp_rcv: 0x2749c
  _tcp_rcv: 0x22cc4
  _check_scsidisk_media_change: 0x46ce4
  _check_cdrom_media_change: 0x476c0
  _minix_free_block: 0x289e8
  _msdos_read_super: 0x30a48
  _proc_read_super: 0x32d90
  _do_SAK: 0x3cc48
  _ext_create: 0x2cbc0
  _ip_build_header: 0x23b50
  _sys_setpgid: 0xf3a0
  _st_init: 0x474d4
  _invalid_op: 0xc3a4
  _selected: 0x5747c
  _sys_getitimer: 0x11ad4
  _minix_bmap: 0x2a9c0
  _stack_segment: 0xc404
  _do_stack_segment: 0xc970
  _do_hd: 0x574c4
  _reg_store_bcd: 0x52648
  _reg_sub: 0x50fc8
  _release_sock: 0x1fb08
  _seagate_st0x_reset: 0x4b138
  _copy_page_tables: 0x11fbc
  _fsave: 0x52a8c
  _sys_umount: 0x17184
  _proc_put_inode: 0x32d34
  _msdos_put_inode: 0x30444
  _sys_lseek: 0x157f4
  _sys_select: 0x1abc0
  _sys_close: 0x15544
  _invalidate_inodes: 0x15bc4
  _compare_st_data: 0x512ec
  _kleds: 0x57bd9
  _namei: 0x19ae4
  _call_buh: 0x48d6c
  _do_sd: 0x58a38
  _sys_waitpid: 0x10c44
  _ext_link: 0x2d750
  _get_dev: 0x27d64
  _sys_alarm: 0xbf88
  _fstsw_: 0x4db98
  _kmode: 0x57bd7
  _sys_chmod: 0x150f0
  _do_invalid_op: 0xc81c
  _fxch_i: 0x4dca4
  _isofs_bmap: 0x34c70
  _date_dos2unix: 0x31dd4
  _ext_free_inode: 0x2bc90
  _sys_chdir: 0x14f60
  _minix_link: 0x2a138
  _fsub__: 0x4d614
  _scsi_init: 0x461cc
  _shrink_buffers: 0x16c68
  _sys_fcntl: 0x1a5f8
  _do_sr: 0x58ba8
  _rs_open: 0x41f70
  _trap_init: 0xca04
  _fcntl_getlk: 0x1af84
  _shrx: 0x53514
  _do_st: 0x58ba0
  _sys_chown: 0x15234
  _sys_reboot: 0xf010
  _msdos_rename: 0x30318
  _follow_link: 0x198b4
  _lookup: 0x197d0
  _task: 0x55418
  _interruptible_sleep_on: 0xb958
  _poly_sine: 0x507d0
  _get_pipe_inode: 0x15e78
  _fdiv_i: 0x4d81c
  _segment_not_present: 0xc3f4
  _do_segment_not_present: 0xc930
  _get_empty_filp: 0x16044
  _ll_rw_page: 0x375e0
  _ll_rw_swap_file: 0x378bc
  _tty_read_flush: 0x3b6dc
  _sr_init: 0x47e7c
  _ticks_to_floppy_on: 0xbae0
  _Accent3_ISR: 0x583cc
  _no_idt: 0x57f14
  _fld_i_: 0x4dbc4
  _clear_page_tables: 0x11e08
  _pty_open: 0x42fd8
  _minix_getblk: 0x2ac70
  _sys_unlink: 0x1a070
  _hd_info: 0x574e0
  _sys_setitimer: 0x11bdc
  _sys_ustat: 0x14b7c
  _hd_init: 0x3b4cc
  ret_from_sys_call: 0xc1f4
  _fmul_i: 0x4d73c
  _faddp_: 0x4d854
  _ultrastor_14f_abort: 0x4b654
  _high_memory: 0x55ab0
  _errno: 0x69d44
  _sys_ulimit: 0xf194
  _my_ip_addr: 0x236d8
  _fcompst: 0x51498
  _user_params: 0x69d48
  _ext_release: 0x2c5bc
  _udp_err: 0x264d4
  _sys_sethostname: 0xf738
  _kbd_flags: 0x57bdc
  _ext_put_super: 0x2dcf4
  _bread: 0x16794
  _isofs_read_inode: 0x34d80
  _fmul__: 0x4d5d8
  _udp_rcv: 0x26e70
  _add_ip_protocol: 0x235d0
  _divide_kernel: 0x52ff3
  _ext_lookup: 0x2c818
  _minix_free_inode: 0x28d5c
  _unix_proto_ops: 0x55d00
  _reg_store_extended: 0x51d48
  _do_reserved: 0xc9d4
  _exception: 0x4d204
  _rs_init: 0x422f8
  _mem_init: 0x133f8
  _normalize: 0x52e80
  _fdiv__: 0x4d68c
  _sys_gettimeofday: 0xfad0
  _mul64: 0x50d70
  _isofs_put_super: 0x34328
  _sys_stime: 0xf2c8
  _arp_add_broad: 0x263b8
  _mbstruct: 0x69db8
  _iget: 0x15f34
  _fadd__: 0x4d59c
  _fdivrp: 0x4d9f4
  _minix_put_super: 0x2a678
  _sys_signal: 0x10cfc
  _ke0: 0x57bda
  _arp_find: 0x26208
  _minix_read_inode: 0x2ada0
  _add_route: 0x23848
  _def_fifo_fops: 0x55c98
  _bread_page: 0x167fc
  _init: 0xb1e8
  _add_timer: 0xbc30
  _irqaction: 0xd814
  _slow_scsi_io: 0x58b4c
  _fdomain_16x0_intr: 0x49ac4
  _ext_bmap: 0x2e0cc
  _sys_setsid: 0xf474
  _FPU_lookahead: 0x69df8
  _debug: 0xc354
  _dev_remove_pack: 0x27d00
  _scsi_dev_init: 0x45e04
  _ip_protocol_base: 0x56300
  _msdos_unlink: 0x2fcec
  _poly_l2p1: 0x50564
  _fdomain_16x0_info: 0x497ac
  _sys_setuid: 0xf274
  _linux_banner: 0x5421c
  _set_leds: 0x408c4
  _FPU_entry_eip: 0x69dfc
  _sys_utime: 0x14dbc
  _wd7000fasst_make_error_code: 0x4b7d4
  _fdivri: 0x4d7e4
  _pg0: 0x2000
  _ptype_base: 0x56484
  _Accent4_ISR: 0x583e8
  _edata: 0x594e8
  _fconst: 0x51700
  _proc_bmap: 0x32e28
  _delete_ip_protocol: 0x23610
  _sched_init: 0xc09c
  _poly_l2: 0x501f8
  _inet_proto_ops: 0x55d58
  _nr_free_pages: 0x55ab4
  _ckmode: 0x57bd5
  _isonum_732: 0x35d2c
  _isonum_733: 0x35d50
  _isonum_721: 0x35cd0
  _fdivr_: 0x4d6c8
  _isonum_722: 0x35ce4
  _end: 0x6a220
  _fcompp: 0x514dc
  _isonum_723: 0x35cf8
  _isonum_731: 0x35d08
  _fs_may_mount: 0x159a0
  _compare: 0x51168
  _isonum_712: 0x35cbc
  _fdivp_: 0x4da5c
  _gdt: 0xa4f0
  _isonum_711: 0x35cb4
  _sock_rmalloc: 0x1f7a8
  _wd8003_start_xmit: 0x24a48
  _super_block: 0x69e00
  _fmulp_: 0x4d8bc
  _fadd_i: 0x4d704
  _sync_inodes: 0x15c1c
  _idt: 0x9ce0
  _get_rock_ridge_symlink: 0x36b54
  _sys_write: 0x15928
  _kraw: 0x57bdb
  _ip_addr_match: 0x23688
  _dev_queue_xmit: 0x27e34
  _int3: 0xc374
  _ext_read_inode: 0x2e558
  _aha1542_reset: 0x48f7c
  _swap_free: 0x13924

Local symbols of boot/head.o:

  startup_32: 0x0
  setup_idt: 0x99
  check_x87: 0x6f
  after_page_tables: 0x9c00
  ignore_int: 0x9c50
  rp_sidt: 0xb6
  setup_paging: 0x9c78
  gdt_descr: 0xa4e2
  idt_descr: 0x9cd2
  int_msg: 0x9c3c

Local symbols of init/main.o:

  gcc2_compiled.: 0xacf0
  _time_init: 0xacf0
  _memory_start: 0x54000
  _memory_end: 0x54004
  _low_memory_start: 0x54008
  _argv_init: 0x5400c
  _envp_init: 0x54034
  _argv_rc: 0x5405c
  _envp_rc: 0x54064
  _argv: 0x54070
  _envp: 0x54078
  _command_line: 0x54084
  _parse_options: 0xae98
  _printf: 0xb158
  _printbuf: 0x594e8

Local symbols of tools/version.o:

  gcc2_compiled.: 0xb4b8

Local symbols of kernel/kernel.o:

  sched.o: 0xb4fc
  gcc2_compiled.: 0xb4fc
  _show_task: 0xb578
  _init_task: 0x54404
  _wait_motor: 0x55520
  _mon_timer: 0x55530
  _moff_timer: 0x55540
  _timer_list: 0x55554
  _next_timer: 0x55854
  _count_active_tasks: 0xbcdc
  _count.76: 0x55868
  _do_timer: 0xbd14
  sys_call.o: 0xc1a4
  EBX: 0x0
  ECX: 0x4
  EDX: 0x8
  ESI: 0xc
  EDI: 0x10
  EBP: 0x14
  EAX: 0x18
  DS: 0x1c
  ES: 0x20
  FS: 0x24
  GS: 0x28
  ORIG_EAX: 0x2c
  EIP: 0x30
  CS: 0x34
  EFLAGS: 0x38
  OLDESP: 0x3c
  OLDSS: 0x40
  IF_MASK: 0x200
  NT_MASK: 0x4000
  VM_MASK: 0x20000
  state: 0x0
  counter: 0x4
  priority: 0x8
  signal: 0xc
  sigaction: 0x10
  blocked: 0x210
  saved_kernel_stack: 0x214
  sa_handler: 0x0
  sa_mask: 0x4
  sa_flags: 0x8
  sa_restorer: 0xc
  ENOSYS: 0x26
  reschedule: 0xc1a4
  error_code: 0xc2c4
  traps.o: 0xc440
  gcc2_compiled.: 0xc440
  irq.o: 0xcc40
  gcc2_compiled.: 0xcc40
  _IRQ0_interrupt: 0xcc40
  _fast_IRQ0_interrupt: 0xcc98
  _bad_IRQ0_interrupt: 0xccd8
  _IRQ1_interrupt: 0xccf0
  _fast_IRQ1_interrupt: 0xcd48
  _bad_IRQ1_interrupt: 0xcd88
  _IRQ2_interrupt: 0xcda0
  _fast_IRQ2_interrupt: 0xcdf8
  _bad_IRQ2_interrupt: 0xce38
  _IRQ3_interrupt: 0xce50
  _fast_IRQ3_interrupt: 0xcea8
  _bad_IRQ3_interrupt: 0xcee8
  _IRQ4_interrupt: 0xcf00
  _fast_IRQ4_interrupt: 0xcf58
  _bad_IRQ4_interrupt: 0xcf98
  _IRQ5_interrupt: 0xcfb0
  _fast_IRQ5_interrupt: 0xd008
  _bad_IRQ5_interrupt: 0xd048
  _IRQ6_interrupt: 0xd060
  _fast_IRQ6_interrupt: 0xd0b8
  _bad_IRQ6_interrupt: 0xd0f8
  _IRQ7_interrupt: 0xd110
  _fast_IRQ7_interrupt: 0xd168
  _bad_IRQ7_interrupt: 0xd1a8
  _IRQ8_interrupt: 0xd1c0
  _fast_IRQ8_interrupt: 0xd220
  _bad_IRQ8_interrupt: 0xd268
  _IRQ9_interrupt: 0xd284
  _fast_IRQ9_interrupt: 0xd2e4
  _bad_IRQ9_interrupt: 0xd32c
  _IRQ10_interrupt: 0xd348
  _fast_IRQ10_interrupt: 0xd3a8
  _bad_IRQ10_interrupt: 0xd3f0
  _IRQ11_interrupt: 0xd40c
  _fast_IRQ11_interrupt: 0xd46c
  _bad_IRQ11_interrupt: 0xd4b4
  _IRQ12_interrupt: 0xd4d0
  _fast_IRQ12_interrupt: 0xd530
  _bad_IRQ12_interrupt: 0xd578
  _IRQ13_interrupt: 0xd594
  _fast_IRQ13_interrupt: 0xd5f4
  _bad_IRQ13_interrupt: 0xd63c
  _IRQ14_interrupt: 0xd658
  _fast_IRQ14_interrupt: 0xd6b8
  _bad_IRQ14_interrupt: 0xd700
  _IRQ15_interrupt: 0xd71c
  _fast_IRQ15_interrupt: 0xd77c
  _bad_IRQ15_interrupt: 0xd7c4
  _interrupt: 0x5586c
  _fast_interrupt: 0x558ac
  _bad_interrupt: 0x558ec
  _irq_sigaction: 0x5592c
  _math_error_irq: 0xda94
  _no_action: 0xdaac
  _ignore_IRQ: 0x55a2c
  dma.o: 0xdb78
  gcc2_compiled.: 0xdb78
  _dma_chan_busy: 0x55a3c
  fork.o: 0xdc84
  gcc2_compiled.: 0xdc84
  _find_empty_process: 0xde4c
  panic.o: 0xe354
  gcc2_compiled.: 0xe354
  printk.o: 0xe3c4
  gcc2_compiled.: 0xe3c4
  _log_page: 0x55a60
  _log_start: 0x55a64
  _log_size: 0x55a68
  _log_wait: 0x55a6c
  _buf: 0x598e8
  vsprintf.o: 0xe5f0
  gcc2_compiled.: 0xe5f0
  _skip_atoi: 0xe690
  _number: 0xe700
  sys.o: 0xec60
  gcc2_compiled.: 0xec60
  _C_A_D: 0x55a70
  _proc_sel: 0xec60
  _mark_screen_rdonly: 0xeefc
  _firsttime.158: 0x55a7c
  exit.o: 0xfc50
  gcc2_compiled.: 0xfc50
  _has_stopped_jobs: 0x105a8
  _forget_original_parent: 0x105e8
  signal.o: 0x10c5c
  gcc2_compiled.: 0x10c5c
  mktime.o: 0x110ec
  gcc2_compiled.: 0x110ec
  _month: 0x55a80
  ptrace.o: 0x111a0
  gcc2_compiled.: 0x111a0
  _get_long: 0x111a0
  _put_long: 0x11204
  _read_long: 0x11284
  _write_long: 0x11330
  ioport.o: 0x1188c
  gcc2_compiled.: 0x1188c
  itimer.o: 0x119e8
  gcc2_compiled.: 0x119e8
  _tvtojiffies: 0x119e8
  _jiffiestotv: 0x11a28

Local symbols of mm/mm.o:

  memory.o: 0x11c90
  gcc2_compiled.: 0x11c90
  _free_one_table: 0x11cf8
  _put_page: 0x125b8
  _un_wp_page: 0x12804
  _get_empty_page: 0x12ac4
  _try_to_share: 0x12b40
  _share_page: 0x12c20
  _get_empty_pgtable: 0x12cf8
  swap.o: 0x13570
  gcc2_compiled.: 0x13570
  _nr_swapfiles: 0x55ac8
  _lock_queue: 0x55acc
  _last_free_pages: 0x55ad0
  _swap_info: 0x59ce8
  _get_swap_page: 0x13778
  _try_to_swap_out: 0x13b0c
  _swap_task.74: 0x55b50
  _swap_table.75: 0x55b54
  _swap_page.76: 0x55b58
  _swap_out: 0x13c38
  _try_to_free_page: 0x13d60
  _index.85: 0x55b5c
  _try_to_unuse: 0x141a4
  mmap.o: 0x148dc
  gcc2_compiled.: 0x148dc
  _mmap_chr: 0x148dc

Local symbols of fs/fs.o:

  open.o: 0x14b7c
  gcc2_compiled.: 0x14b7c
  _close_fp: 0x154c0
  _kill_wait: 0x15590
  read_write.o: 0x15784
  gcc2_compiled.: 0x15784
  inode.o: 0x1598c
  gcc2_compiled.: 0x1598c
  _inode_table: 0x59dc8
  ___wait_on_inode: 0x15a2c
  _write_inode: 0x15ad4
  _read_inode: 0x15b30
  _last_inode.80: 0x55be0
  file_table.o: 0x16044
  gcc2_compiled.: 0x16044
  buffer.o: 0x16080
  gcc2_compiled.: 0x16080
  _free_list: 0x55be4
  _unused_list: 0x55be8
  _buffer_wait: 0x55bec
  _sync_buffers: 0x16128
  _find_buffer: 0x16378
  _hash_table: 0x5e3c8
  _put_unused_buffer_head: 0x16998
  _get_more_buffer_heads: 0x169bc
  _get_unused_buffer_head: 0x16a04
  _try_to_free: 0x16b5c
  super.o: 0x16d60
  gcc2_compiled.: 0x16d60
  _file_systems: 0x55bfc
  _get_super: 0x16ed8
  _read_super: 0x16ff0
  _do_umount: 0x170c0
  _do_mount: 0x17290
  block_dev.o: 0x17708
  gcc2_compiled.: 0x17708
  stat.o: 0x1797c
  gcc2_compiled.: 0x1797c
  _cp_old_stat: 0x179a8
  _cp_new_stat: 0x17aa0
  exec.o: 0x17d80
  gcc2_compiled.: 0x17d80
  _create_tables: 0x18418
  _count: 0x184b8
  _copy_strings: 0x184e8
  _change_ldt: 0x18644
  _read_omagic: 0x18708
  pipe.o: 0x1911c
  gcc2_compiled.: 0x1911c
  _pipe_read: 0x1911c
  _pipe_write: 0x19224
  _pipe_lseek: 0x193d4
  _pipe_readdir: 0x193dc
  _bad_pipe_rw: 0x193e4
  _pipe_ioctl: 0x193ec
  _pipe_select: 0x1942c
  _pipe_read_release: 0x19590
  _pipe_write_release: 0x195a4
  _pipe_rdwr_release: 0x195b8
  namei.o: 0x19758
  gcc2_compiled.: 0x19758
  _dir_namei: 0x19924
  __namei: 0x19a14
  fcntl.o: 0x1a524
  gcc2_compiled.: 0x1a524
  _dupfd: 0x1a524
  ioctl.o: 0x1a728
  gcc2_compiled.: 0x1a728
  _file_ioctl: 0x1a728
  select.o: 0x1a8f0
  gcc2_compiled.: 0x1a8f0
  _free_wait: 0x1a8f0
  _check_in: 0x1a954
  _check_out: 0x1a998
  _check_ex: 0x1a9dc
  fifo.o: 0x1adc4
  gcc2_compiled.: 0x1adc4
  _fifo_open: 0x1adc4
  locks.o: 0x1af3c
  gcc2_compiled.: 0x1af3c
  _file_lock_table: 0x5f35c
  _file_lock_free_list: 0x5f65c
  _copy_flock: 0x1b244
  _conflict: 0x1b2f8
  _unlock_it: 0x1b544
  _lock_it: 0x1b3ac
  _free_lock: 0x1b714
  _overlap: 0x1b34c
  _alloc_lock: 0x1b65c

Local symbols of net/net.o:

  socket.o: 0x1b788
  gcc2_compiled.: 0x1b788
  _proto_table: 0x55cc0
  _family_name: 0x1b7a0
  _socket_file_ops: 0x55cd8
  _sock_lseek: 0x1ba64
  _sock_read: 0x1ba98
  _sock_write: 0x1bb44
  _sock_readdir: 0x1bbd8
  _sock_select: 0x1bc9c
  _sock_ioctl: 0x1bc0c
  _sock_close: 0x1bd2c
  _socket_wait_free: 0x55cfc
  _get_fd: 0x1b7d0
  _sock_alloc: 0x1b8f4
  _sockets: 0x5f660
  _sock_release: 0x1b9c8
  _sock_socket: 0x1be98
  _sock_socketpair: 0x1bf74
  _sock_bind: 0x1c0e4
  _sock_listen: 0x1c1ac
  _sock_accept: 0x1c2b8
  _sock_connect: 0x1c450
  _sock_getsockname: 0x1c4e4
  _sock_getpeername: 0x1c54c
  _sys_send: 0x1c5b4
  _sys_sendto: 0x1c63c
  _sys_recv: 0x1c6cc
  _sys_recvfrom: 0x1c754
  _sys_setsockopt: 0x1c7e4
  _sys_getsockopt: 0x1c864
  _sys_shutdown: 0x1c8c8
  unix.o: 0x1cd54
  gcc2_compiled.: 0x1cd54
  _unix_proto_init: 0x1dd44
  _unix_proto_create: 0x1cf5c
  _unix_proto_dup: 0x1cfd8
  _unix_proto_release: 0x1d01c
  _unix_proto_bind: 0x1d110
  _unix_proto_connect: 0x1d2b0
  _unix_proto_socketpair: 0x1d358
  _unix_proto_accept: 0x1d3a0
  _unix_proto_getname: 0x1d470
  _unix_proto_read: 0x1d5c4
  _unix_proto_write: 0x1d81c
  _unix_proto_select: 0x1dad4
  _unix_proto_ioctl: 0x1dc4c
  _unix_proto_listen: 0x1cd54
  _unix_proto_send: 0x1cd80
  _unix_proto_recv: 0x1cda8
  _unix_proto_sendto: 0x1cd68
  _unix_proto_recvfrom: 0x1cd70
  _unix_proto_shutdown: 0x1cd78
  _unix_proto_setsockopt: 0x1cd58
  _unix_proto_getsockopt: 0x1cd60
  _unix_data_lookup: 0x1cdd0
  _unix_datas: 0x60a60
  _unix_data_alloc: 0x1ce44
  _unix_data_deref: 0x1ceb0
  tcp/tcpip.o: 0x1dd68
  sock.o: 0x1dd68
  gcc2_compiled.: 0x1dd68
  _ip_proto_init: 0x1e66c
  _ip_proto_create: 0x1e71c
  _ip_proto_dup: 0x1eac4
  _ip_proto_release: 0x1eae4
  _ip_proto_bind: 0x1eb88
  _ip_proto_connect: 0x1ed60
  _ip_proto_socketpair: 0x1ee98
  _ip_proto_accept: 0x1eed8
  _ip_proto_getname: 0x1f018
  _ip_proto_read: 0x1f0f4
  _ip_proto_write: 0x1f234
  _ip_proto_select: 0x1f55c
  _ip_proto_ioctl: 0x1f5b4
  _ip_proto_listen: 0x1e5f0
  _ip_proto_send: 0x1f2d4
  _ip_proto_recv: 0x1f194
  _ip_proto_sendto: 0x1f374
  _ip_proto_recvfrom: 0x1f42c
  _ip_proto_shutdown: 0x1f4e4
  _ip_proto_setsockopt: 0x1e3d0
  _ip_proto_getsockopt: 0x1e4d4
  _ip_proto_fcntl: 0x1e388
  _sk_inuse: 0x1def4
  _start.108: 0x55db0
  _remove_sock: 0x1e140
  _smalloc: 0x1f674
  _sfree: 0x1f684
  tcp.o: 0x1fc18
  gcc2_compiled.: 0x1fc18
  _min: 0x1fc18
  _get_firstr: 0x1fc3c
  _diff: 0x1fc7c
  _tcp_time_wait: 0x1fc8c
  _tcp_retransmit: 0x1fcb8
  _tcp_select: 0x1fd64
  _tcp_ioctl: 0x1ffb4
  _tcp_check: 0x20074
  _tcp_send_check: 0x20144
  _tcp_send_ack: 0x2017c
  _tcp_build_header: 0x20378
  _tcp_write: 0x20428
  _tcp_read_wakeup: 0x208ac
  _cleanup_rbuf: 0x20a40
  _tcp_read_urg: 0x20b24
  _tcp_read: 0x20cf0
  _tcp_reset: 0x210f0
  _tcp_conn_request: 0x21220
  _tcp_close: 0x2173c
  _tcp_write_xmit: 0x21a7c
  _tcp_ack: 0x21b00
  _tcp_data: 0x21f28
  _tcp_urg: 0x222fc
  _tcp_fin: 0x2237c
  _tcp_accept: 0x225ec
  _tcp_connect: 0x226a8
  _tcp_sequence: 0x22928
  _tcp_options: 0x22bbc
  _tcp_write_wakeup: 0x23450
  ip.o: 0x235d0
  gcc2_compiled.: 0x235d0
  _rt_base: 0x55f28
  _strict_route: 0x23720
  _loose_route: 0x23724
  _ip_route: 0x237bc
  _ip_ads.114: 0x55fac
  _build_options: 0x23adc
  _optmem.121: 0x65260
  _count.122: 0x55fb0
  _do_options: 0x23c78
  _ip_csum: 0x23d3c
  _ip_send_check: 0x23d70
  _opt.133: 0x65360
  timer.o: 0x24310
  gcc2_compiled.: 0x24310
  _timer_base: 0x55fb4
  we.o: 0x24814
  gcc2_compiled.: 0x24814
  _wd_debug: 0x55fb8
  _dconfig: 0x55fb9
  _tx_aborted: 0x55fbc
  _max: 0x24814
  _wd_start: 0x24824
  _interrupt_mask: 0x65460
  _status: 0x65464
  _max_pages: 0x654b4
  _wdget: 0x24a08
  _wd_put_bnd: 0x24bb0
  _wd_get_bnd: 0x24c1c
  _wd_get_cur: 0x24c98
  _wd_rcv: 0x24dc4
  _stats: 0x65468
  _wd_rx_over: 0x24f58
  _wd_trs: 0x25058
  _wd8003_sigaction: 0x55fc0
  arp.o: 0x2584c
  gcc2_compiled.: 0x2584c
  _arp_table: 0x55fd0
  _arp_q: 0x56010
  _send_arp_q: 0x2584c
  _print_arp: 0x25978
  _arp_sourceh: 0x25a80
  _arp_targeth: 0x25a88
  _arp_sourcep: 0x25a98
  _arp_targetp: 0x25aa8
  _arp_free: 0x25ab8
  _arp_malloc: 0x25acc
  _arp_response: 0x25ae0
  _arp_lookup: 0x25d28
  _create_arp: 0x25e20
  udp.o: 0x2640c
  gcc2_compiled.: 0x2640c
  _print_uh: 0x2640c
  _udp_check: 0x26530
  _udp_send_check: 0x265f4
  _udp_loopback: 0x2663c
  _udp_sendto: 0x267cc
  _udp_write: 0x26af8
  _udp_ioctl: 0x26b1c
  _udp_close: 0x26e28
  eth.o: 0x2701c
  gcc2_compiled.: 0x2701c
  Space.o: 0x27224
  gcc2_compiled.: 0x27224
  _wd8003_dev: 0x56174
  _loopback_dev: 0x561e4
  loopback.o: 0x27234
  gcc2_compiled.: 0x27234
  _inuse.102: 0x56258
  _buff.103: 0x654b8
  _loopback_xmit: 0x27248
  icmp.o: 0x2738c
  gcc2_compiled.: 0x2738c
  protocols.o: 0x27688
  gcc2_compiled.: 0x27688
  _tcp_protocol: 0x562c4
  _udp_protocol: 0x562d8
  _icmp_protocol: 0x562ec
  raw.o: 0x27688
  gcc2_compiled.: 0x27688
  _min: 0x27688
  _raw_loopback: 0x277ac
  _raw_sendto: 0x27858
  _raw_write: 0x27a54
  _raw_close: 0x27a78
  _raw_init: 0x27aac
  pack_type.o: 0x27cb8
  gcc2_compiled.: 0x27cb8
  _arp_packet_type: 0x56464
  _ip_packet_type: 0x56474
  dev.o: 0x27cb8
  gcc2_compiled.: 0x27cb8
  _min: 0x27cb8
  packet.o: 0x2834c
  gcc2_compiled.: 0x2834c
  _min: 0x2834c
  _packet_sendto: 0x28424
  _packet_write: 0x285a4
  _packet_close: 0x285c8
  _packet_init: 0x285fc

Local symbols of fs/minix/minix.o:

  bitmap.o: 0x28834
  gcc2_compiled.: 0x28834
  _nibblemap: 0x565e8
  _count_used: 0x28834
  truncate.o: 0x28fc4
  gcc2_compiled.: 0x28fc4
  _trunc_direct: 0x28fc4
  _trunc_indirect: 0x29088
  _trunc_dindirect: 0x2924c
  namei.o: 0x2940c
  gcc2_compiled.: 0x2940c
  _minix_match: 0x2940c
  _minix_find_entry: 0x29468
  _minix_add_entry: 0x295ec
  _empty_dir: 0x29be8
  _subdir: 0x2a274
  _do_minix_rename: 0x2a2ec
  _wait.104: 0x56628
  _lock.105: 0x5662c
  inode.o: 0x2a650
  gcc2_compiled.: 0x2a650
  _minix_sops: 0x56630
  _block_bmap: 0x2a970
  _inode_getblk: 0x2aa7c
  _block_getblk: 0x2ab40
  file.o: 0x2afc8
  gcc2_compiled.: 0x2afc8
  _minix_file_operations: 0x56648
  _minix_file_read: 0x2b008
  _minix_file_write: 0x2b2dc
  dir.o: 0x2b4f0
  gcc2_compiled.: 0x2b4f0
  _minix_dir_read: 0x2b4f0
  _minix_dir_operations: 0x566a4
  _minix_readdir: 0x2b4f8
  symlink.o: 0x2b61c
  gcc2_compiled.: 0x2b61c
  _minix_readlink: 0x2b734
  _minix_follow_link: 0x2b61c
  blkdev.o: 0x2b7cc
  gcc2_compiled.: 0x2b7cc
  _blkdev_open: 0x2b7cc
  _def_blk_fops: 0x56738
  chrdev.o: 0x2b808
  gcc2_compiled.: 0x2b808
  _chrdev_open: 0x2b808
  _def_chr_fops: 0x56794
  fifo.o: 0x2b844
  gcc2_compiled.: 0x2b844

Local symbols of fs/ext/ext.o:

  freelists.o: 0x2b844
  gcc2_compiled.: 0x2b844
  truncate.o: 0x2c01c
  gcc2_compiled.: 0x2c01c
  _trunc_direct: 0x2c01c
  _trunc_indirect: 0x2c0e0
  _trunc_dindirect: 0x2c2a4
  _trunc_tindirect: 0x2c3cc
  namei.o: 0x2c5cc
  gcc2_compiled.: 0x2c5cc
  _ext_match: 0x2c5cc
  _ext_find_entry: 0x2c684
  _ext_add_entry: 0x2c8ec
  _empty_dir: 0x2d0cc
  _subdir: 0x2d88c
  _do_ext_rename: 0x2d904
  _wait.106: 0x56828
  _lock.107: 0x5682c
  inode.o: 0x2dccc
  gcc2_compiled.: 0x2dccc
  _ext_sops: 0x56830
  _block_bmap: 0x2e080
  _inode_getblk: 0x2e200
  _block_getblk: 0x2e2b8
  file.o: 0x2e770
  gcc2_compiled.: 0x2e770
  _ext_file_operations: 0x56848
  _ext_file_read: 0x2e7ac
  _ext_file_write: 0x2ea7c
  dir.o: 0x2ec90
  gcc2_compiled.: 0x2ec90
  _ext_dir_read: 0x2ec90
  _ext_dir_operations: 0x568a4
  _ext_readdir: 0x2ecf0
  symlink.o: 0x2ee98
  gcc2_compiled.: 0x2ee98
  _ext_readlink: 0x2efb0
  _ext_follow_link: 0x2ee98
  blkdev.o: 0x2f048
  gcc2_compiled.: 0x2f048
  _blkdev_open: 0x2f048
  _def_blk_fops: 0x56938
  chrdev.o: 0x2f084
  gcc2_compiled.: 0x2f084
  _chrdev_open: 0x2f084
  _def_chr_fops: 0x56994
  fifo.o: 0x2f0c0
  gcc2_compiled.: 0x2f0c0

Local symbols of fs/msdos/msdos.o:

  namei.o: 0x2f0c0
  gcc2_compiled.: 0x2f0c0
  _reserved_names: 0x56a28
  _bad_chars: 0x56a5c
  _bad_if_strict: 0x56a64
  _msdos_format_name: 0x2f12c
  _msdos_find: 0x2f4ac
  _msdos_create_entry: 0x2f6a8
  _rename_same_dir: 0x2fda4
  _rename_diff_dir: 0x2ff30
  inode.o: 0x30408
  gcc2_compiled.: 0x30408
  _msdos_sops: 0x56a6c
  _parse_options: 0x30534
  file.o: 0x31184
  gcc2_compiled.: 0x31184
  _msdos_file_operations: 0x56a84
  _msdos_file_read: 0x311c4
  _msdos_file_write: 0x313f0
  dir.o: 0x31718
  gcc2_compiled.: 0x31718
  _msdos_dir_read: 0x31718
  _msdos_dir_operations: 0x56b18
  _msdos_readdir: 0x31740
  misc.o: 0x31964
  gcc2_compiled.: 0x31964
  _bin_extensions: 0x56b74
  _creation_wait: 0x56bcc
  _creation_lock: 0x56bd0
  _wait.66: 0x56bd4
  _lock.67: 0x56bd8
  _previous.68: 0x56bdc
  _day_n: 0x56be0
  _raw_found: 0x32204
  _raw_scan_root: 0x32344
  _raw_scan_nonroot: 0x3239c
  _raw_scan: 0x32414
  fat.o: 0x325b8
  gcc2_compiled.: 0x325b8
  _initialized.6: 0x56c20
  _cache: 0x65cbc
  _fat_cache: 0x65cb8

Local symbols of fs/proc/proc.o:

  inode.o: 0x32d34
  gcc2_compiled.: 0x32d34
  _proc_sops: 0x56c28
  root.o: 0x3300c
  gcc2_compiled.: 0x3300c
  _proc_root_operations: 0x56c40
  _proc_readroot: 0x33124
  _proc_lookuproot: 0x3300c
  base.o: 0x33244
  gcc2_compiled.: 0x33244
  _proc_base_operations: 0x56c9c
  _proc_readbase: 0x333e8
  _proc_lookupbase: 0x332c4
  _base_dir: 0x56cf8
  _proc_match: 0x33264
  mem.o: 0x334d4
  gcc2_compiled.: 0x334d4
  _mem_read: 0x334d4
  _mem_write: 0x33618
  _mem_lseek: 0x337b4
  _proc_mem_operations: 0x56d38
  link.o: 0x337d8
  gcc2_compiled.: 0x337d8
  _proc_readlink: 0x338e0
  _proc_follow_link: 0x337d8
  fd.o: 0x33920
  gcc2_compiled.: 0x33920
  _proc_fd_operations: 0x56dcc
  _proc_readfd: 0x33af8
  _proc_lookupfd: 0x33920

Local symbols of fs/isofs/isofs.o:

  namei.o: 0x33cd8
  gcc2_compiled.: 0x33cd8
  _isofs_match: 0x33ce0
  _isofs_find_entry: 0x33d88
  inode.o: 0x34328
  gcc2_compiled.: 0x34328
  _isofs_sops: 0x56e28
  _parse_options: 0x34384
  file.o: 0x353f0
  gcc2_compiled.: 0x353f0
  _isofs_file_operations: 0x56e40
  _isofs_determine_filetype: 0x353f0
  dir.o: 0x357d8
  gcc2_compiled.: 0x357d8
  _isofs_dir_operations: 0x56e9c
  _isofs_readdir: 0x357fc
  util.o: 0x35cb4
  gcc2_compiled.: 0x35cb4
  rock.o: 0x35eb0
  gcc2_compiled.: 0x35eb0
  symlink.o: 0x36fb8
  gcc2_compiled.: 0x36fb8
  _isofs_readlink: 0x370c8
  _isofs_follow_link: 0x36fb8
  blkdev.o: 0x37158
  gcc2_compiled.: 0x37158
  _blkdev_open: 0x37158
  _def_blk_fops: 0x57040
  chrdev.o: 0x37194
  gcc2_compiled.: 0x37194
  _chrdev_open: 0x37194
  _def_chr_fops: 0x5709c

Local symbols of kernel/blk_drv/blk_drv.a(ll_rw_blk.o):

  gcc2_compiled.: 0x371d0
  _ro_bits: 0x65d60
  _add_request: 0x37294
  _make_request: 0x3735c

Local symbols of kernel/blk_drv/blk_drv.a(floppy.o):

  gcc2_compiled.: 0x37a58
  _end_request: 0x37b38
  _changed_floppies: 0x57190
  _fake_change: 0x57194
  _initial_reset_flag: 0x57198
  _need_configure: 0x5719c
  _recalibrate: 0x571a0
  _reset: 0x571a4
  _recover: 0x571a8
  _seek: 0x571ac
  _floppy_type: 0x571b0
  _floppy_types: 0x57290
  _floppy_sizes: 0x57380
  _probing: 0x57400
  _keep_data: 0x57404
  _ftd_msg: 0x57414
  _fd_ref: 0x57424
  _fd_device: 0x57434
  _format_status: 0x57444
  _fdc_busy: 0x57448
  _fdc_wait: 0x5744c
  _format_done: 0x57450
  _min_report_error_cnt: 0x57454
  _read_track: 0x5745c
  _buffer_track: 0x57460
  _buffer_drive: 0x57464
  _cur_spec1: 0x57468
  _cur_rate: 0x5746c
  _floppy: 0x57470
  _current_drive: 0x57474
  _sector: 0x57475
  _head: 0x57476
  _track: 0x57477
  _seek_track: 0x57478
  _current_track: 0x57479
  _command: 0x5747a
  _fdc_version: 0x5747b
  _setup_DMA: 0x37e28
  _output_byte: 0x37f50
  _result: 0x37fe8
  _reply_buffer: 0x65ee0
  _bad_flp_intr: 0x380a0
  _format_errors: 0x65ee8
  _configure_fdc_mode: 0x381b4
  _tell_sector: 0x38308
  _rw_interrupt: 0x384c0
  _redo_fd_request: 0x392e8
  _seek_interrupt: 0x38958
  _transfer: 0x38afc
  _recal_interrupt: 0x38d08
  _recalibrate_floppy: 0x38dc0
  _unexpected_floppy_interrupt: 0x38d74
  _reset_interrupt: 0x38e10
  _reset_floppy: 0x38eb8
  _floppy_shutdown: 0x38f44
  _shake_done: 0x38f60
  _retry_recal: 0x38f84
  _shake_zero: 0x38fe0
  _shake_one: 0x38ff8
  _floppy_on_interrupt: 0x39078
  _setup_format_params: 0x391d8
  _format_req: 0x65eec
  _do_fd_request: 0x396d4
  _fd_ioctl: 0x39700
  _find_base: 0x39b58
  _config_types: 0x39bbc
  _floppy_open: 0x39cac
  _floppy_release: 0x39d58
  _floppy_fops: 0x57484
  _ignore_interrupt: 0x39dcc
  _floppy_interrupt: 0x39df4
  _floppy_sigaction: 0x574a8

Local symbols of kernel/blk_drv/blk_drv.a(genhd.o):

  gcc2_compiled.: 0x39fb4
  _current_minor: 0x574bc
  _extended_partition: 0x3a010
  _check_partition: 0x3a1f0
  _setup_dev: 0x3a434
  _callable.10: 0x574c0

Local symbols of kernel/blk_drv/blk_drv.a(hd.o):

  gcc2_compiled.: 0x3a554
  _end_request: 0x3a5cc
  _recalibrate: 0x574c8
  _access_count: 0x574cc
  _busy: 0x574d4
  _busy_wait: 0x574d8
  _reset: 0x574dc
  _NR_HD: 0x57510
  _hd: 0x57514
  _hd_sizes: 0x57914
  _controller_ready: 0x3a6ec
  _win_result: 0x3a77c
  _hd_out: 0x3a7f8
  _drive_busy: 0x3a964
  _reset_controller: 0x3a9fc
  _i.62: 0x65ef8
  _reset_hd: 0x3aa60
  _bad_rw_intr: 0x3ab48
  _do_hd_request: 0x3af50
  _read_intr: 0x3abe4
  _write_intr: 0x3ad58
  _recal_intr: 0x3ae74
  _hd_times_out: 0x3ae98
  _hd_ioctl: 0x3b1a8
  _revalidate_hddisk: 0x3b508
  _hd_open: 0x3b2d8
  _hd_release: 0x3b318
  _hd_gendisk: 0x57b14
  _hd_geninit: 0x3b398
  _hd_interrupt: 0x3b340
  _hd_sigaction: 0x57b40
  _hd_fops: 0x57b50

Local symbols of kernel/chr_drv/chr_drv.a(tty_io.o):

  gcc2_compiled.: 0x3b5e0
  _wait_for_canon_input: 0x3bce4
  _read_chan: 0x3bd54
  _write_chan: 0x3c150
  _tty_read: 0x3c444
  _tty_write: 0x3c4d4
  _tty_lseek: 0x3c544
  _tty_open: 0x3c54c
  _tty_release: 0x3c884
  _tty_select: 0x3ca78
  _tty_fops: 0x57b80

Local symbols of kernel/chr_drv/chr_drv.a(console.o):

  gcc2_compiled.: 0x3cef0
  _can_do_color: 0x57ba4
  _console_blanked: 0x57ba8
  _screen_size: 0x57bb0
  _translations: 0x57bb4
  _color_table: 0x57bc0
  _gotoxy: 0x3d1f4
  _vc_cons: 0x65f18
  _video_size_row: 0x65f08
  _set_origin: 0x3d31c
  _video_type: 0x65efc
  _video_port_reg: 0x65f10
  _video_mem_base: 0x65f00
  _video_port_val: 0x65f14
  _scrup: 0x3d3c4
  _scrdown: 0x3d550
  _lf: 0x3d5dc
  _ri: 0x3d630
  _csi_J: 0x3d684
  _csi_K: 0x3d780
  _update_attr: 0x3d8a8
  _default_attr: 0x3da00
  _csi_m: 0x3da40
  _respond_string: 0x3dd5c
  _respond_num: 0x3dd90
  _cursor_report: 0x3dde4
  _invert_screen: 0x3de94
  _set_mode: 0x3df20
  _setterm_command: 0x3e2a0
  _insert_char: 0x3e380
  _insert_line: 0x3e3dc
  _delete_char: 0x3e410
  _delete_line: 0x3e470
  _csi_at: 0x3e4a4
  _csi_L: 0x3e4e0
  _csi_P: 0x3e51c
  _csi_M: 0x3e558
  _save_cur: 0x3e594
  _restore_cur: 0x3e644
  _reset_terminal: 0x3e738
  _sysbeep: 0x4028c
  _vc_scrmembuf: 0x66478
  _video_page: 0x65f0c
  _video_mem_term: 0x65f04
  _get_scrmem: 0x3fe84
  _set_scrmem: 0x3ff18
  _lock.172: 0x57bd0
  _sysbeepstop: 0x4027c

Local symbols of kernel/chr_drv/chr_drv.a(keyboard.o):

  gcc2_compiled.: 0x405a0
  _old_leds: 0x57bde
  _diacr: 0x57be0
  _npadch: 0x57be4
  _rep.24: 0x57be8
  _repke0.25: 0x57be9
  _pt_regs: 0x6647c
  _put_queue: 0x4074c
  _key_table: 0x57f1c
  _puts_queue: 0x40794
  _ctrl: 0x407ec
  _alt: 0x40808
  _unctrl: 0x40824
  _unalt: 0x40840
  _lshift: 0x40880
  _unlshift: 0x40888
  _rshift: 0x40890
  _unrshift: 0x40898
  _caps: 0x408a0
  _kb_wait: 0x40f64
  _kb_ack: 0x40f80
  _uncaps: 0x40904
  _show_ptregs: 0x409a8
  _scroll: 0x40a5c
  _num: 0x40a9c
  _applkey: 0x40ac0
  _key_map: 0x57bea
  _shift_map: 0x57c4b
  _alt_map: 0x57cac
  _do_self: 0x40b10
  _handle_diacr: 0x40bd0
  _diacr_table.64: 0x57e4d
  _num_table: 0x57e53
  _cur_table: 0x57e61
  _pad_table: 0x57e70
  _appl_table: 0x57ea4
  _func_table: 0x57eb4
  _cursor: 0x40ce8
  _cur: 0x40db0
  _func: 0x40e1c
  _slash: 0x40e7c
  _star: 0x40eb4
  _enter: 0x40ed8
  _minus: 0x40f18
  _plus: 0x40f3c
  _none: 0x40f60

Local symbols of kernel/chr_drv/chr_drv.a(serial.o):

  gcc2_compiled.: 0x40fd8
  _rs_event: 0x5831c
  _rs_write_active: 0x58320
  _UART_ISR_proc: 0x41028
  _FourPort_ISR_proc: 0x41394
  _baud_table: 0x586dc
  _send_break: 0x40fd8
  _rs_throttle: 0x41600
  _rs_interrupt: 0x413e4
  _IRQ_ISR: 0x66480
  _rs_probe: 0x4140c
  _rs_irq_triggered: 0x664c0
  _rs_timer: 0x41418
  _rs_close: 0x416ec
  _shutdown: 0x418a8
  _startup: 0x417a4
  _get_serial_info: 0x41b00
  _set_serial_info: 0x41b68
  _get_modem_info: 0x41d18
  _set_modem_info: 0x41da4
  _rs_ioctl: 0x41e44
  _init: 0x42078

Local symbols of kernel/chr_drv/chr_drv.a(tty_ioctl.o):

  gcc2_compiled.: 0x4247c
  _flush: 0x4247c
  _do_get_ps_info: 0x425cc
  _get_termios: 0x42668
  _set_termios: 0x42698
  _get_termio: 0x42768
  _set_termio: 0x427e4
  _set_window_size: 0x42938
  _get_window_size: 0x4298c

Local symbols of kernel/chr_drv/chr_drv.a(pty.o):

  gcc2_compiled.: 0x42ed0
  _pty_close: 0x42ed0
  _pty_write: 0x42f24

Local symbols of kernel/chr_drv/chr_drv.a(vt.o):

  gcc2_compiled.: 0x43070
  _kiocsound: 0x43070

Local symbols of kernel/chr_drv/chr_drv.a(mem.o):

  gcc2_compiled.: 0x433a4
  _read_ram: 0x433a4
  _write_ram: 0x433ac
  _read_core: 0x433b4
  _read_mem: 0x434f8
  _write_mem: 0x43584
  _read_port: 0x43608
  _write_port: 0x43644
  _read_null: 0x4367c
  _write_null: 0x43680
  _read_zero: 0x43688
  _write_zero: 0x436a8
  _memory_lseek: 0x436b0
  _ram_fops: 0x58728
  _mem_fops: 0x5874c
  _kmem_fops: 0x58770
  _null_fops: 0x58794
  _port_fops: 0x587b8
  _zero_fops: 0x587dc
  _core_fops: 0x58800
  _memory_open: 0x436d4
  _memory_fops: 0x58824

Local symbols of kernel/chr_drv/chr_drv.a(mouse.o):

  gcc2_compiled.: 0x437b8
  _mouse_open: 0x437b8
  _mouse_fops: 0x58848

Local symbols of kernel/chr_drv/chr_drv.a(busmouse.o):

  gcc2_compiled.: 0x4385c
  _mouse_interrupt: 0x4385c
  _mouse: 0x664c4
  _release_mouse: 0x43928
  _open_mouse: 0x43950
  _write_mouse: 0x439d4
  _read_mouse: 0x439dc
  _mouse_select: 0x43adc

Local symbols of kernel/chr_drv/chr_drv.a(psaux.o):

  gcc2_compiled.: 0x43c34
  _aux_ready: 0x58890
  _aux_busy: 0x58894
  _aux_present: 0x58898
  _aux_write_dev: 0x43c34
  _poll_status: 0x440bc
  _aux_write_ack: 0x43c58
  _aux_write_cmd: 0x43c88
  _get_from_queue: 0x43cac
  _queue: 0x664e0
  _aux_interrupt: 0x43cd0
  _release_aux: 0x43d28
  _open_aux: 0x43d64
  _write_aux: 0x43df0
  _read_aux: 0x43e80
  _aux_select: 0x43f64

Local symbols of kernel/chr_drv/chr_drv.a(msbusmouse.o):

  gcc2_compiled.: 0x44118
  _ms_mouse_interrupt: 0x44118
  _mouse: 0x664e4
  _release_mouse: 0x441e8
  _open_mouse: 0x44218
  _write_mouse: 0x442a8
  _read_mouse: 0x442b0
  _mouse_select: 0x4438c

Local symbols of kernel/chr_drv/chr_drv.a(atixlmouse.o):

  gcc2_compiled.: 0x44544
  _mouse: 0x66500
  _release_mouse: 0x445e0
  _open_mouse: 0x44620
  _write_mouse: 0x446c8
  _read_mouse: 0x446d0
  _mouse_select: 0x44794

Local symbols of kernel/chr_drv/chr_drv.a(lp.o):

  gcc2_compiled.: 0x44908
  _lp_reset: 0x44908
  _lp_char: 0x44954
  _lp_write: 0x44a24
  _lp_read: 0x44c0c
  _lp_lseek: 0x44c14
  _lp_open: 0x44c1c
  _lp_release: 0x44c5c
  _lp_fops: 0x58938

Local symbols of kernel/blk_drv/scsi/scsi.a(scsi.o):

  gcc2_compiled.: 0x44d48
  _in_scan: 0x58960
  _scan_scsis_done: 0x44d48
  _the_result: 0x667ac
  _scsi_cmd.56: 0x6651c
  _scsi_result.57: 0x66528
  _scan_scsis: 0x44e6c
  _sense_buffer: 0x667b0
  _print_inquiry: 0x45fbc
  _scsi_times_out: 0x45348
  _internal_timeout: 0x668b0
  _internal_cmnd: 0x45424
  _last_reset: 0x66798
  _last_cmnd: 0x66630
  _update_timeout: 0x45d58
  _scsi_request_sense: 0x454e0
  _scsi_done: 0x45810
  _reset: 0x456b0
  _check_sense: 0x456ec
  _scsi_main_timeout: 0x45d10
  _time_elapsed: 0x6662c
  _time_start: 0x66628
  _generic_sense: 0x58964

Local symbols of kernel/blk_drv/scsi/scsi.a(hosts.o):

  gcc2_compiled.: 0x4613c
  _called.2: 0x58a34

Local symbols of kernel/blk_drv/scsi/scsi.a(sd.o):

  gcc2_compiled.: 0x4629c
  _end_request: 0x46314
  _bb: 0x58a3c
  _sd_sizes: 0x58a44
  _total_count: 0x58b44
  _boot_init_done: 0x58b48
  _sd_open: 0x46410
  _sd_release: 0x464ac
  _sd_geninit: 0x464f8
  _sd_gendisk: 0x58b74
  _sd_fops: 0x58b50
  _rw_intr: 0x465e0
  _this_count: 0x668b8
  _do_sd_request: 0x4692c
  _sense_buffer: 0x668c0
  _sd_init_done: 0x46d94
  _the_result: 0x668bc
  _sd_init_onedisk: 0x46ec0

Local symbols of kernel/blk_drv/scsi/scsi.a(sd_ioctl.o):

  gcc2_compiled.: 0x472f8

Local symbols of kernel/blk_drv/scsi/scsi.a(st.o):

  gcc2_compiled.: 0x47334
  _end_request: 0x473ac
  _do_st_request: 0x474c4
  _st_sizes: 0x669c0

Local symbols of kernel/blk_drv/scsi/scsi.a(sr.o):

  gcc2_compiled.: 0x474f0
  _end_request: 0x47564
  _sr_release: 0x47660
  _sr_fops: 0x58bb0
  _sr_open: 0x47ae4
  _rw_intr: 0x47884
  _bb: 0x66a48
  _this_count: 0x66a44
  _do_sr_request: 0x47b9c
  _sense_buffer: 0x66a4c
  _sr_sizes: 0x669c4

Local symbols of kernel/blk_drv/scsi/scsi.a(sr_ioctl.o):

  gcc2_compiled.: 0x47f50
  _sr_cmd_wait: 0x58bd4
  _sr_lock: 0x58bd8
  _lock_sr_ioctl: 0x47f50
  _unlock_sr_ioctl: 0x47f64
  _sr_ioctl_done: 0x47f6c
  _the_result: 0x66d58
  _do_ioctl: 0x4806c
  _sense_buffer: 0x66c58
  _data_buffer: 0x66b58
  _sr_cmd: 0x66b4c
  _target: 0x66d5c

Local symbols of kernel/blk_drv/scsi/scsi.a(aha1542.o):

  gcc2_compiled.: 0x48610
  _aha1542_stat: 0x48610
  _aha1542_out: 0x4862c
  _aha1542_in: 0x486a0
  _buffer.58: 0x58be8
  _mb: 0x66d64
  _ccb: 0x66d6c
  _internal_done_flag: 0x58bec
  _internal_done_errcode: 0x58bf0
  _internal_done: 0x48c2c
  _cmd.69: 0x58bf4
  _setup_mailboxes: 0x48cb0
  _aha1542_interrupt: 0x48f80
  _inquiry_cmd.74: 0x58bf9
  _inquiry_result.75: 0x66d60
  _aha1542_query: 0x48dec
  _oncmd.78: 0x58bfa
  _offcmd.79: 0x58bfc

Local symbols of kernel/blk_drv/scsi/scsi.a(fdomain.o):

  gcc2_compiled.: 0x48fb4
  _port_base: 0x58c00
  _bios_base: 0x58c04
  _interrupt_level: 0x58c08
  _aborted: 0x58c0c
  _current_target: 0x58c10
  _current_cmnd: 0x58c11
  _current_buff: 0x58c1c
  _current_bufflen: 0x58c20
  _current_done: 0x58c24
  _in_command: 0x58c28
  _this_host: 0x58c2c
  _in_interrupt_code: 0x58c30
  _addresses: 0x58c34
  _ports: 0x58c44
  _ints: 0x58c4c
  _do_pause: 0x49010
  _fdomain_is_valid_port: 0x49028
  _fdomain_test_loopback: 0x490b8
  _Data_Mode_Cntl_port: 0x66d98
  _FIFO_Data_Count_port: 0x66d9c
  _Interrupt_Cntl_port: 0x66da0
  _Read_FIFO_port: 0x66da4
  _Read_SCSI_Data_port: 0x66da8
  _SCSI_Cntl_port: 0x66dac
  _SCSI_Status_port: 0x66db0
  _TMC_Cntl_port: 0x66db4
  _TMC_Status_port: 0x66db8
  _Write_FIFO_port: 0x66dbc
  _Write_SCSI_Data_port: 0x66dc0
  _buffer.38: 0x58c74
  _fdomain_arbitrate: 0x497dc
  _fdomain_select: 0x49890
  _current_phase: 0x66dc4
  _the_command: 0x66dcc
  _data_sent: 0x66de0
  _out_buf_pt: 0x66dd0
  _have_data_in: 0x66de4
  _in_buf_pt: 0x66dd4
  _cmd_pt: 0x66dc8
  _Status: 0x66dd8
  _Message: 0x66ddc

Local symbols of kernel/blk_drv/scsi/scsi.a(seagate.o):

  gcc2_compiled.: 0x4a690
  _base_address: 0x58cb0
  _abort_confirm: 0x58cb4
  _st0x_aborted: 0x58cb8
  _seagate_bases: 0x58cbc
  _signatures: 0x4a6d0
  _hostno: 0x58cd8
  _seagate_sigaction.24: 0x58cdc
  _seagate_reconnect_intr: 0x4a8d4
  _st0x_cr_sr: 0x66dec
  _st0x_dr: 0x66df0
  _buffer.27: 0x58cec
  _done_fn: 0x58d80
  _should_reconnect: 0x58d84
  _current_bufflen: 0x66e00
  _current_data: 0x66dfc
  _current_cmnd: 0x66df8
  _current_target: 0x66df4
  _internal_command: 0x4aa7c
  _incommand: 0x66de8

Local symbols of kernel/blk_drv/scsi/scsi.a(ultrastor.o):

  gcc2_compiled.: 0x4b17c
  _bios_segment_table: 0x4b17c
  _interrupt_table: 0x4b19c
  _dma_channel_table: 0x4b1a0
  _mapping_table: 0x4b1a4
  _aborted: 0x58d88
  _ultrastor_ports: 0x4b1ac
  _ultrastor_done: 0x58d8c
  _signatures: 0x4b1f8
  _config: 0x66e04
  _host_number: 0x66e10
  _ultrastor_interrupt: 0x4b6c4
  _mscp: 0x58d90

Local symbols of kernel/blk_drv/scsi/scsi.a(7000fasst.o):

  gcc2_compiled.: 0x4b728
  _controlstat: 0x58dbc
  _wd7000fasst_stat: 0x4b728
  _wd7000fasst_out: 0x4b748
  _buffer.56: 0x58dbd
  _wd7000fasst_hostno: 0x66f14
  _internal_done_flag: 0x58dd8
  _internal_done_errcode: 0x58ddc
  _scbs: 0x66e14
  _internal_done: 0x4be78
  _wd7000fasst_interrupt: 0x4c140
  _wd_bases: 0x58de0
  _signatures: 0x4bef4
  _cmd.69: 0x58de4

Local symbols of kernel/blk_drv/scsi/scsi.a(scsi_ioctl.o):

  gcc2_compiled.: 0x4c174
  _ioctl_probe: 0x4c174
  _the_result: 0x58df0
  _scsi_ioctl_done: 0x4c1d0
  _ioctl_internal_command: 0x4c2cc
  _ioctl_command: 0x4c400

Local symbols of kernel/FPU-emu/math.a(fpu_entry.o):

  gcc2_compiled.: 0x4c6b0
  _st_instr_table: 0x58e04
  _type_table: 0x58f04
  _emulating.38: 0x58f44

Local symbols of kernel/FPU-emu/math.a(errors.o):

  gcc2_compiled.: 0x4cb80
  _tag_desc.40: 0x58f48
  _exception_names: 0x58f68

Local symbols of kernel/FPU-emu/math.a(fpu_arith.o):

  gcc2_compiled.: 0x4d59c

Local symbols of kernel/FPU-emu/math.a(fpu_aux.o):

  gcc2_compiled.: 0x4dac4
  _fclex: 0x4dac4
  _finit_table: 0x58fb8
  _fstsw_ax: 0x4db64
  _fstsw_table: 0x58fd8
  _fnop: 0x4dbac

Local symbols of kernel/FPU-emu/math.a(fpu_etc.o):

  gcc2_compiled.: 0x4de54
  _fchs: 0x4de54
  _fabs: 0x4de80
  _ftst_: 0x4deac
  _fxam: 0x4dff4
  _fp_etc_table: 0x59018

Local symbols of kernel/FPU-emu/math.a(fpu_trig.o):

  gcc2_compiled.: 0x4e0a4
  _trig_arg: 0x4e0a4
  _single_arg_error: 0x4e204
  _f2xm1: 0x4e24c
  _fptan: 0x4e364
  _fxtract: 0x4e500
  _fdecstp: 0x4e704
  _fincstp: 0x4e710
  _fsqrt_: 0x4e71c
  _frndint_: 0x4e78c
  _fsin: 0x4e7d8
  _f_cos: 0x4e954
  _fcos: 0x4eac4
  _fsincos: 0x4ead4
  _fprem_kernel: 0x4eb78
  _fyl2x: 0x4ee30
  _fpatan: 0x4f1cc
  _fprem: 0x4f518
  _fprem1: 0x4f528
  _fyl2xp1: 0x4f534
  _fscale: 0x4f6d8
  _trig_table_a: 0x59038
  _trig_table_b: 0x59058

Local symbols of kernel/FPU-emu/math.a(load_store.o):

  gcc2_compiled.: 0x4f974
  _type_table: 0x59078

Local symbols of kernel/FPU-emu/math.a(get_address.o):

  gcc2_compiled.: 0x4fd10
  _reg_offset: 0x59098
  _sib: 0x4fd10

Local symbols of kernel/FPU-emu/math.a(poly_atan.o):

  gcc2_compiled.: 0x4feac
  _oddnegterms: 0x590b8
  _oddplterms: 0x590e8
  _denomterm: 0x59118

Local symbols of kernel/FPU-emu/math.a(poly_l2.o):

  gcc2_compiled.: 0x501f8
  _lterms: 0x59120

Local symbols of kernel/FPU-emu/math.a(poly_2xm1.o):

  gcc2_compiled.: 0x506ac
  _lterms: 0x59168

Local symbols of kernel/FPU-emu/math.a(poly_sin.o):

  gcc2_compiled.: 0x507d0
  _lterms: 0x591d0
  _negterms: 0x591f8

Local symbols of kernel/FPU-emu/math.a(poly_tan.o):

  gcc2_compiled.: 0x509d4
  _oddplterms: 0x59220
  _oddnegterms: 0x59238
  _evenplterms: 0x59248
  _evennegterms: 0x59258

Local symbols of kernel/FPU-emu/math.a(poly_div.o):

  poly_div2_exit: 0x50d1b
  poly_div4_exit: 0x50d45
  poly_div16_exit: 0x50d6d

Local symbols of kernel/FPU-emu/math.a(poly_mul64.o):


Local symbols of kernel/FPU-emu/math.a(polynomial.o):

  xL_accum_done: 0x50e7c
  xL_accum_loop: 0x50e11
  xL_no_poly_round: 0x50e77
  xL_poly_done: 0x50e7c

Local symbols of kernel/FPU-emu/math.a(reg_add_sub.o):

  gcc2_compiled.: 0x50e8c

Local symbols of kernel/FPU-emu/math.a(reg_compare.o):

  gcc2_compiled.: 0x51168
  _compare_st_st: 0x51360
  _compare_u_st_st: 0x513f0

Local symbols of kernel/FPU-emu/math.a(reg_constant.o):

  gcc2_compiled.: 0x5161c
  _fld_const: 0x5161c
  _fld1: 0x51690
  _fldl2t: 0x516a0
  _fldl2e: 0x516b0
  _fldpi: 0x516c0
  _fldlg2: 0x516d0
  _fldln2: 0x516e0
  _fldz: 0x516f0
  _constants_table: 0x59338

Local symbols of kernel/FPU-emu/math.a(reg_ld_str.o):

  gcc2_compiled.: 0x51714

Local symbols of kernel/FPU-emu/math.a(reg_div.o):

  xL_div_special: 0x52c63
  xL_arg1_NaN: 0x52c6f
  xL_no_NaN_arg: 0x52c81
  xL_arg2_NaN: 0x52c6f
  xL78: 0x52ce7
  xL_zero_zero: 0x52c79
  xL_inf_inf: 0x52c79
  xL_arg1_not_inf: 0x52c8f
  xL_copy_arg1: 0x52cb6
  xL_arg2_not_zero: 0x52ca8
  xL_arg2_not_inf: 0x52cb0
  xL_return_zero: 0x52cef
  xL_unknown_tags: 0x52cf5
  xL76: 0x52ce4
  xL71: 0x52cd9

Local symbols of kernel/FPU-emu/math.a(reg_mul.o):

  gcc2_compiled.: 0x52d18

Local symbols of kernel/FPU-emu/math.a(reg_norm.o):


Local symbols of kernel/FPU-emu/math.a(reg_u_add.o):


Local symbols of kernel/FPU-emu/math.a(reg_u_div.o):

  accum_3: 0x59358
  accum_2: 0x5935c
  accum_1: 0x59360
  accum_0: 0x59364
  result_1: 0x59368
  result_2: 0x5936c
  ovfl_flag: 0x59370
  xL_bugged: 0x53059
  xL_no_adjust: 0x53016
  xL_no_overflow: 0x5303b
  xL_no_round: 0x53054
  xL_round_up: 0x5304a
  xL_bugged2: 0x53069
  xL_done: 0x53285
  xL_exit: 0x5329a
  xL_no_round_2: 0x53275
  xL_round_up_2: 0x53265
  xL_check_exponent: 0x53288
  xL_overflow: 0x5329f
  xL_underflow: 0x532a8

Local symbols of kernel/FPU-emu/math.a(reg_u_mul.o):

  accum_1: 0x59374
  xL_bugged: 0x53370
  xL_overflow_adjust: 0x53369
  xL_exit: 0x53364

Local symbols of kernel/FPU-emu/math.a(reg_u_sub.o):


Local symbols of kernel/FPU-emu/math.a(wm_shrx.o):


Local symbols of kernel/FPU-emu/math.a(wm_sqrt.o):

  accum_2: 0x59378
  accum_1: 0x5937c
  accum_0: 0x59380
  sq_2: 0x59384
  sq_1: 0x59388
  sq_0: 0x5938c
  no_adjust: 0x53676
  l40: 0x536c2
  l45: 0x536d4
  l60: 0x53794
  l51: 0x5376e
  l65: 0x537b8

Local symbols of kernel/FPU-emu/math.a(div_small.o):


Local symbols of lib/lib.a(ctype.o):

  gcc2_compiled.: 0x537ec

Local symbols of lib/lib.a(_exit.o):

  gcc2_compiled.: 0x537ec

Local symbols of lib/lib.a(string.o):

  gcc2_compiled.: 0x537fc

Local symbols of lib/lib.a(malloc.o):

  gcc2_compiled.: 0x53b60
  _free_bucket_desc: 0x594e4
